TAP version 14
1..26
# Subtest: scripts/prepublishOnly.test.js
    # Subtest: Setup
        ok 1 - precompileComponents function loaded
        ok 2 - processDirectory function loaded
        ok 3 - processFile function loaded
        ok 4 - formatFileWithESLint function loaded
        1..4
    ok 1 - Setup # time=35.344ms
    
    # Subtest: precompileComponents - should log start and end messages
        ok 1 - Should log checking message
        ok 2 - Should log completion message
        1..2
    ok 2 - precompileComponents - should log start and end messages # time=2.282ms
    
    # Subtest: processDirectory - should process JS files in directory
        ok 1 - Should read directory
        ok 2 - Should check file stats
        ok 3 - Should read file
        ok 4 - Should write compiled file
        ok 5 - Should create backup
        1..5
    ok 3 - processDirectory - should process JS files in directory # time=1.086ms
    
    # Subtest: processDirectory - should process TS files in directory
        ok 1 - Should read TS file
        1..1
    ok 4 - processDirectory - should process TS files in directory # time=0.867ms
    
    # Subtest: processDirectory - should skip .orig.js files
        ok 1 - Should only read one file
        ok 2 - Should process Helper.js
        ok 3 - Should not process .orig.js
        1..3
    ok 5 - processDirectory - should skip .orig.js files # time=1.253ms
    
    # Subtest: processDirectory - should skip .orig.ts files
        ok 1 - Should only read one file
        ok 2 - Should not process .orig.ts
        1..2
    ok 6 - processDirectory - should skip .orig.ts files # time=0.749ms
    
    # Subtest: processDirectory - should skip non-JS/TS files
        ok 1 - Should only process JS file
        ok 2 - Should process Component.js
        1..2
    ok 7 - processDirectory - should skip non-JS/TS files # time=2.693ms
    
    # Subtest: processDirectory - should recursively process subdirectories
        ok 1 - Should read 2 directories
        ok 2 - Should process 2 files
        1..2
    ok 8 - processDirectory - should recursively process subdirectories # time=1ms
    
    # Subtest: processDirectory - should handle empty directory
        ok 1 - Should read directory once
        ok 2 - Should not check any stats
        1..2
    ok 9 - processDirectory - should handle empty directory # time=0.31ms
    
    # Subtest: processFile - should create backup with .orig.js extension
        ok 1 - Should create .orig.js backup
        1..1
    ok 10 - processFile - should create backup with .orig.js extension # time=0.416ms
    
    # Subtest: processFile - should create backup with .orig.ts extension
        ok 1 - Should create .orig.ts backup
        1..1
    ok 11 - processFile - should create backup with .orig.ts extension # time=0.406ms
    
    # Subtest: processFile - should read and compile file
        ok 1 - Should read file with utf-8
        1..1
    ok 12 - processFile - should read and compile file # time=0.427ms
    
    # Subtest: processFile - should write compiled result
        ok 1 - Should write compiled code
        1..1
    ok 13 - processFile - should write compiled result # time=0.428ms
    
    # Subtest: processFile - should handle compiler returning object with code property
        ok 1 - Should extract code from object
        1..1
    ok 14 - processFile - should handle compiler returning object with code property # time=0.399ms
    
    # Subtest: processFile - should format file when source changes
        ok 1 - Should write compiled file
        ok 2 - Should create backup
        1..2
    ok 15 - processFile - should format file when source changes # time=0.426ms
    
    # Subtest: processFile - should NOT format file when source unchanged
        ok 1 - Should still create backup
        1..1
    ok 16 - processFile - should NOT format file when source unchanged # time=0.405ms
    
    # Subtest: processFile - should log precompiling message
        ok 1 - Should log precompiling message
        1..1
    ok 17 - processFile - should log precompiling message # time=0.401ms
    
    # Subtest: formatFileWithESLint - should accept file path
        ok 1 - Should accept file path without throwing
        1..1
    ok 18 - formatFileWithESLint - should accept file path # time=3.028ms
    
    # Subtest: formatFileWithESLint - should handle file path parameter
        ok 1 - Should handle file path parameter
        1..1
    ok 19 - formatFileWithESLint - should handle file path parameter # time=1.027ms
    
    # Subtest: formatFileWithESLint - should be callable
        ok 1 - Should be a function
        1..1
    ok 20 - formatFileWithESLint - should be callable # time=1.957ms
    
    # Subtest: formatFileWithESLint - should execute without errors
        ok 1 - Should execute without errors
        1..1
    ok 21 - formatFileWithESLint - should execute without errors # time=4.097ms
    
    1..21
ok 1 - scripts/prepublishOnly.test.js # time=3316.37ms

# Subtest: src/announcer/announcer.test.js
    # Subtest: Announcer 1 Second Pause
        # start 1 second pause
        ok 1 - pause finished
        1..1
    ok 1 - Announcer 1 Second Pause # time=1107.484ms
    
    # Subtest: Announcer 1 Second Pause Remove
        # start 1 second pause
        # remove pause
        ok 1 - removed pause
        1..1
    ok 2 - Announcer 1 Second Pause Remove # time=0.423ms
    
    # Subtest: Announcer disable/enable/toggle
        ok 1 - Disabled returns same noop object
        ok 2 - Enabled returns real promise, not noop
        ok 3 - Each enabled message gets unique promise
        ok 4 - Toggle off returns same noop
        ok 5 - Toggle on returns real promise
        ok 6 - Disabled messages are NOT processed
        ok 7 - Enabled messages are queued for processing
        1..7
    ok 3 - Announcer disable/enable/toggle # time=101.894ms
    
    # Subtest: Announcer methods exist
        ok 1 - Stop method exists
        ok 2 - Clear method exists
        ok 3 - Polite method exists
        ok 4 - Assertive method exists
        ok 5 - Speak method exists
        ok 6 - Pause method exists
        1..6
    ok 4 - Announcer methods exist # time=1.066ms
    
    # Subtest: Announcer politeness affects queue order
        ok 1 - Assertive message processes first
        ok 2 - Off message processes second
        ok 3 - Polite message processes third
        1..3
    ok 5 - Announcer politeness affects queue order # time=1200.255ms
    
    # Subtest: Announcer announcement methods
        ok 1 - Has cancel method
        ok 2 - Has remove method
        ok 3 - Has stop method
        ok 4 - Cancel resolves with canceled status
        ok 5 - Remove resolves with canceled status
        1..5
    ok 6 - Announcer announcement methods # time=1.819ms
    
    # Subtest: Announcer stop interrupts processing
        ok 1 - Stop interrupts (or unavailable if no speechSynthesis)
        1..1
    ok 7 - Announcer stop interrupts processing # time=700.382ms
    
    # Subtest: Announcer queue behavior
        ok 1 - Has cancel method
        ok 2 - Has remove method
        ok 3 - Has stop method
        ok 4 - First message queued
        ok 5 - Second message queued
        ok 6 - Third message queued
        ok 7 - Removed message resolves with canceled
        ok 8 - First message processes
        ok 9 - Third message processes after removal
        1..9
    ok 8 - Announcer queue behavior # time=703.867ms
    
    1..8
ok 2 - src/announcer/announcer.test.js # time=5377.509ms

# Subtest: src/component.test.js
    # Subtest: Type
        ok 1 - Component should be a function
        1..1
    ok 1 - Type # time=5.337ms
    
    # Subtest: Component - Factory function
        ok 1 - Component should be a factory function (i.e. return a function)
        1..1
    ok 2 - Component - Factory function # time=1.435ms
    
    # Subtest: Component - Factory requires a name to be passed
        ok 1 - Throw an error when no name argument has been passed
        1..1
    ok 3 - Component - Factory requires a name to be passed # time=0.281ms
    
    # Subtest: Component - Factory requires a config to be passed
        ok 1 - Throw an error when no config argument has been passed
        1..1
    ok 4 - Component - Factory requires a config to be passed # time=0.156ms
    
    # Subtest: Component - Instance should create internal id
        ok 1 - Button instance object should have correct internal id
        ok 2 - Heading instance object should have correct internal id
        1..2
    ok 5 - Component - Instance should create internal id # time=2.93ms
    
    # Subtest: Component - Instance should create component Id
        ok 1 - First Foo instance should have correct id
        ok 2 - Second Foo instance should have correct id
        ok 3 - First Bar instance should have correct id
        1..3
    ok 6 - Component - Instance should create component Id # time=0.346ms
    
    # Subtest: Component - Instance should initiate lifecycle object
        ok 1 - Lifecycle object should be initialized
        ok 2 - Lifecycle object should have a reference to foo instance
        ok 3 - Lifecycle object should have previous state not initialized
        ok 4 - Lifecycle object should have initial current state
        1..4
    ok 7 - Component - Instance should initiate lifecycle object # time=0.338ms
    
    # Subtest: Component - Instance should set a parent reference
        ok 1 - Foo instance object should have parent component object reference
        ok 2 - Foo instance object should have parent element object reference
        1..2
    ok 8 - Component - Instance should set a parent reference # time=0.326ms
    
    # Subtest: Component - Instance should set a root reference
        ok 1 - Foo instance object should have root component object reference
        1..1
    ok 9 - Component - Instance should set a root reference # time=0.842ms
    
    # Subtest: Component - Instance should initialize reactive props
        ok 1 - Foo instance should have props defined
        ok 2 - Foo instance props should be proxy
        ok 3 - should be equal
        1..3
    ok 10 - Component - Instance should initialize reactive props # time=0.412ms
    
    # Subtest: Component - Instance should initialize timeouts array
        ok 1 - Foo instance timeouts should be an array
        1..1
    ok 11 - Component - Instance should initialize timeouts array # time=0.183ms
    
    # Subtest: Component - Instance should initialize intervals array
        ok 1 - Foo instance intervals should be an array
        1..1
    ok 12 - Component - Instance should initialize intervals array # time=0.168ms
    
    # Subtest: Component - Instance should initialize originalState
        ok 1 - Foo instance should store originalState properties
        ok 2 - Foo instance should store originalState hasFocus property
        1..2
    ok 13 - Component - Instance should initialize originalState # time=0.233ms
    
    # Subtest: Component - Instance should initialize reactive state
        ok 1 - Foo instance should have state defined
        ok 2 - Foo instance state should be proxy
        ok 3 - should be equal
        1..3
    ok 14 - Component - Instance should initialize reactive state # time=0.372ms
    
    # Subtest: Component - Instance should initialize children
        ok 1 - Foo instance children should be an array
        ok 2 - Children should be an expected array
        ok 3 - Render should be called with parent parameter
        ok 4 - Render should be called with Foo component instance
        ok 5 - Render should be called with config parameter
        ok 6 - Render should be called with global components object
        1..6
    ok 15 - Component - Instance should initialize children # time=1.22ms
    
    # Subtest: Component - Instance should initialize wrapper
        ok 1 - Wrapper should be a first element of the children
        1..1
    ok 16 - Component - Instance should initialize wrapper # time=0.221ms
    
    # Subtest: Component - Instance should initialize slots
        ok 1 - Slots should be an array
        ok 2 - Slot should be a expected element of the children
        1..2
    ok 17 - Component - Instance should initialize slots # time=0.232ms
    
    ok 18 - Component - Instance should initialize hook events # SKIP
    # Subtest: Component - Instance should execute all side effects
        ok 1 - Effect should be invoked with foo component instance
        ok 2 - Effect should be invoked with component`s children
        ok 3 - Effect should be invoked with config object
        ok 4 - Effect should be invoked with global components object
        ok 5 - Effect should be invoked with root component
        ok 6 - Effect should be invoked with effect function
        1..6
    ok 19 - Component - Instance should execute all side effects # time=0.632ms
    
    # Subtest: Component - Instance should have all symbols configured
        ok 1 - effects should be be enumerable
        ok 2 - effects should be configurable
        ok 3 - holder should be be enumerable
        ok 4 - holder should be configurable
        ok 5 - id should be be enumerable
        ok 6 - id should be configurable
        ok 7 - props should be be enumerable
        ok 8 - props should be configurable
        ok 9 - timeouts should be be enumerable
        ok 10 - timeouts should be configurable
        ok 11 - intervals should be be enumerable
        ok 12 - intervals should be configurable
        ok 13 - debounces should be be enumerable
        ok 14 - debounces should be configurable
        ok 15 - originalState should be be enumerable
        ok 16 - originalState should be configurable
        ok 17 - state should be be enumerable
        ok 18 - state should be configurable
        ok 19 - children should be be enumerable
        ok 20 - children should be configurable
        ok 21 - cleanup should be be enumerable
        ok 22 - cleanup should be configurable
        ok 23 - wrapper should be be enumerable
        ok 24 - wrapper should be configurable
        ok 25 - slots should be be enumerable
        ok 26 - slots should be configurable
        ok 27 - rendererEventListeners should be be enumerable
        ok 28 - rendererEventListeners should be configurable
        1..28
    ok 20 - Component - Instance should have all symbols configured # time=1.149ms
    
    # Subtest: Component - Instance should have ready state after the next process tick
        1..1
        ok 1 - Foo component lifecycle should be eventually in a ready state
    ok 21 - Component - Instance should have ready state after the next process tick # time=1.008ms
    
    # Subtest: Component - Configure input events
        ok 1 - Foo instance should have input events defined
        ok 2 - Foo instance should have `up` input event defined
        ok 3 - Foo instance should have `down` input event defined
        1..3
    ok 22 - Component - Configure input events # time=0.299ms
    
    # Subtest: Component - Warn non-function input events
        ok 1 - Foo instance should have input events defined
        ok 2 - Should log two warning messages
        ok 3 - Should log foo is not a function warning message
        ok 4 - Should log 123 is not a function warning message
        1..4
    ok 23 - Component - Warn non-function input events # time=2.054ms
    
    # Subtest: Component - Configure methods
        ok 1 - Foo instance should have methods keys defined
        ok 2 - Foo instance should have two method keys defined
        ok 3 - First method key should be `foo`
        ok 4 - Second method key should be `bar`
        ok 5 - Foo instance should have `foo` method defined
        ok 6 - Foo instance should have `bar` method defined
        1..6
    ok 24 - Component - Configure methods # time=0.465ms
    
    # Subtest: Component - Warn non-function methods
        ok 1 - Foo instance should have method keys defined
        ok 2 - Should log two warning messages
        ok 3 - Should log foo is not a function warning message
        ok 4 - Should log bar is not a function warning message
        1..4
    ok 25 - Component - Warn non-function methods # time=8.674ms
    
    # Subtest: Component - Warn when method name matches prop name
        ok 1 - Foo instance should have method keys defined
        ok 2 - Should log one error message
        ok 3 - Should log prop/method name clash error message
        1..3
    ok 26 - Component - Warn when method name matches prop name # time=1.307ms
    
    1..26
ok 3 - src/component.test.js # time=1792.175ms

# Subtest: src/component/base/methods.test.js
    # Subtest: Methods - Should contain all the defined methods
        ok 1 - should have focus method
        ok 2 - should have $focus method
        ok 3 - should have unfocus method
        ok 4 - should have destroy method
        ok 5 - should have removeGlobalEffects method
        ok 6 - should have trigger method
        ok 7 - should have $trigger method
        ok 8 - should have select method
        ok 9 - should have $select method
        ok 10 - should have $shader method
        1..10
    ok 1 - Methods - Should contain all the defined methods # time=2.318ms
    
    # Subtest: Methods - Validate focus method behavior
        ok 1 - should be equal
        ok 2 - Should log warning message
        ok 3 - lifecycle state should be focus
        1..3
    ok 2 - Methods - Validate focus method behavior # time=103.958ms
    
    # Subtest: Methods - Validate $focus and unfocus method behavior
        ok 1 - hasFocus should be false by the time focus hook is called
        ok 2 - lifecycle state should be focus
        ok 3 - focus hook should be called
        ok 4 - hasFocus should be true only after focus hook is called
        ok 5 - hasFocus should be false by the time unfocus hook is called
        ok 6 - lifecycle state should be unfocus
        ok 7 - unfocus hook should be called
        1..7
    ok 3 - Methods - Validate $focus and unfocus method behavior # time=204.534ms
    
    # Subtest: Methods - Refocus already focused component
        ok 1 - lifecycle state should be focus
        ok 2 - lifecycle state should be focus
        1..2
    ok 4 - Methods - Refocus already focused component # time=102.552ms
    
    # Subtest: Methods - Validate select method behavior
        ok 1 - select should return the correct child
        ok 2 - should be equal
        ok 3 - Should log warning message
        ok 4 - select should return null for nonexistent child
        1..4
    ok 5 - Methods - Validate select method behavior # time=2.756ms
    
    # Subtest: Methods - Validate $select method behavior
        ok 1 - $select should return the correct child
        ok 2 - $select should return null for nonexistent child
        1..2
    ok 6 - Methods - Validate $select method behavior # time=0.779ms
    
    # Subtest: Methods - Validate $select method with nested array of children structure
        ok 1 - $select should find child in array
        ok 2 - $select should find single child object
        ok 3 - $select should return null for nonexistent child
        1..3
    ok 7 - Methods - Validate $select method with nested array of children structure # time=0.68ms
    
    # Subtest: Methods - Validate $select method with object of children structure
        ok 1 - $select should find child in object
        ok 2 - $select should find another child in object
        ok 3 - $select should return null for nonexistent child
        1..3
    ok 8 - Methods - Validate $select method with object of children structure # time=0.89ms
    
    # Subtest: Methods - Validate shader method behavior
        ok 1 - shader should return an object
        ok 2 - shader object should have correct type
        ok 3 - shader object should have correct prop1
        ok 4 - shader object should have correct prop2
        1..4
    ok 9 - Methods - Validate shader method behavior # time=0.828ms
    
    # Subtest: Methods - Validate removeGlobalEffects method behavior
        ok 1 - removeGlobalEffects should execute without error
        1..1
    ok 10 - Methods - Validate removeGlobalEffects method behavior # time=0.759ms
    
    # Subtest: Methods - Validate destroy method behavior
        ok 1 - Component should be marked as end of life
        ok 2 - Lifecycle state should be destroy
        ok 3 - symbol state should be deleted
        ok 4 - Renderer event listeners should be cleared
        ok 5 - All timeouts should be cleared
        ok 6 - All intervals should be cleared
        ok 7 - symbol props should be cleared
        ok 8 - symbol effects should be deleted
        ok 9 - symbol computed should be deleted
        ok 10 - parent should be deleted
        ok 11 - rootParent should be deleted
        ok 12 - symbol wrapper should be deleted
        ok 13 - symbol originalState should be deleted
        ok 14 - symbol children should be deleted
        ok 15 - symbol slots should be deleted
        ok 16 - componentId should be deleted
        ok 17 - symbol id should be deleted
        ok 18 - ref should be deleted
        ok 19 - symbol holder should be deleted
        ok 20 - symbol cleanup should be deleted
        ok 21 - symbol holder should be deleted
        ok 22 - symbol cleanup should be deleted
        ok 23 - Cleanup function should be called
        ok 24 - Holder destroy method should be called
        ok 25 - All children destroy methods should be called
        1..25
    ok 11 - Methods - Validate destroy method behavior # time=4.611ms
    
    1..11
ok 4 - src/component/base/methods.test.js # time=2189.888ms

# Subtest: src/component/base/timeouts_intervals.test.js
    # Subtest: Type
        ok 1 - timeoutsIntervals should be an object
        1..1
    ok 1 - Type # time=6.888ms
    
    # Subtest: $setTimeout method
        ok 1 - Should return timeout ID
        ok 2 - Should add timeout to array
        1..2
    ok 2 - $setTimeout method # time=0.522ms
    
    # Subtest: $setTimeout method when eol is true
        ok 1 - Should return undefined when eol is true
        ok 2 - Should not add timeout when eol is true
        1..2
    ok 3 - $setTimeout method when eol is true # time=0.305ms
    
    # Subtest: $clearTimeout method
        ok 1 - Removes timeout from array
        ok 2 - Timeout does not execute after clear
        1..2
    ok 4 - $clearTimeout method # time=102.01ms
    
    # Subtest: $clearTimeouts method
        ok 1 - Clears all timeouts from array
        ok 2 - First timeout does not execute
        ok 3 - Second timeout does not execute
        1..3
    ok 5 - $clearTimeouts method # time=102.257ms
    
    # Subtest: $setInterval method
        ok 1 - Should return interval ID
        ok 2 - Should add interval to array
        1..2
    ok 6 - $setInterval method # time=0.268ms
    
    # Subtest: $setInterval method when eol is true
        ok 1 - Should return undefined when eol is true
        ok 2 - Should not add interval when eol is true
        1..2
    ok 7 - $setInterval method when eol is true # time=0.177ms
    
    # Subtest: $clearInterval method
        ok 1 - Removes interval from array
        ok 2 - Interval does not execute after clear
        1..2
    ok 8 - $clearInterval method # time=153.149ms
    
    # Subtest: $clearIntervals method
        ok 1 - Clears all intervals from array
        ok 2 - First interval does not execute
        ok 3 - Second interval does not execute
        1..3
    ok 9 - $clearIntervals method # time=151.583ms
    
    # Subtest: Multiple timeouts management
        ok 1 - Should store multiple timeouts
        ok 2 - Should store first timeout
        ok 3 - Should store second timeout
        ok 4 - Should store third timeout
        ok 5 - Should remove only the specified timeout
        ok 6 - Should keep first timeout
        ok 7 - Should keep third timeout
        1..7
    ok 10 - Multiple timeouts management # time=0.446ms
    
    # Subtest: Multiple intervals management
        ok 1 - Should store multiple intervals
        ok 2 - Should store first interval
        ok 3 - Should store second interval
        ok 4 - Should store third interval
        ok 5 - Should remove only the specified interval
        ok 6 - Should keep first interval
        ok 7 - Should keep third interval
        1..7
    ok 11 - Multiple intervals management # time=0.369ms
    
    1..11
ok 5 - src/component/base/timeouts_intervals.test.js # time=2215.778ms

# Subtest: src/component/base/utils.test.js
    # Subtest: Type
        ok 1 - utils should be an object
        1..1
    ok 1 - Type # time=2.312ms
    
    # Subtest: $size method with dimensions
        ok 1 - Should set width
        ok 2 - Should set height
        1..2
    ok 2 - $size method with dimensions # time=0.274ms
    
    # Subtest: $size method with default values
        ok 1 - Should set default width
        ok 2 - Should set default height
        1..2
    ok 3 - $size method with default values # time=0.187ms
    
    # Subtest: $size method with undefined dimensions
        ok 1 - Should set default width when no dimensions
        ok 2 - Should set default height when no dimensions
        1..2
    ok 4 - $size method with undefined dimensions # time=0.176ms
    
    # Subtest: renderer getter
        ok 1 - Should return renderer object
        1..1
    ok 5 - renderer getter # time=0.129ms
    
    # Subtest: getChildren method with no children
        ok 1 - Should return empty array when no children
        1..1
    ok 6 - getChildren method with no children # time=0.161ms
    
    # Subtest: getChildren method with children
        ok 1 - Should return children array
        ok 2 - Should include first child
        ok 3 - Should include second child
        1..3
    ok 7 - getChildren method with children # time=0.21ms
    
    # Subtest: getChildren method with parent
        ok 1 - Should return empty array when parent returns empty
        1..1
    ok 8 - getChildren method with parent # time=0.152ms
    
    # Subtest: getChildren method with rootParent
        ok 1 - Should return empty array when rootParent returns empty
        1..1
    ok 9 - getChildren method with rootParent # time=0.132ms
    
    # Subtest: getChildren method with undefined children
        ok 1 - Should return empty array when children is undefined
        1..1
    ok 10 - getChildren method with undefined children # time=0.123ms
    
    1..10
ok 6 - src/component/base/utils.test.js # time=1794.076ms

# Subtest: src/component/setup/computed.test.js
    # Subtest: Basic computed functionality
        ok 1 - Should store computed keys
        ok 2 - fullName should compute correctly
        ok 3 - isAdult should compute correctly
        1..3
    ok 1 - Basic computed functionality # time=2.385ms
    
    # Subtest: Conflict detection
        ok 1 - Only non-conflicting computed added
        ok 2 - Valid computed works
        1..2
    ok 2 - Conflict detection # time=0.307ms
    
    # Subtest: Non-function computeds
        ok 1 - All keys should be included
        ok 2 - Valid function computes correctly
        1..2
    ok 3 - Non-function computeds # time=0.237ms
    
    # Subtest: Edge cases & empty
        ok 1 - Empty computeds produce empty keys
        ok 2 - Single computed added
        ok 3 - Computed works correctly
        1..3
    ok 4 - Edge cases & empty # time=0.264ms
    
    # Subtest: Dynamic updates
        ok 1 - fullName should compute correctly
        ok 2 - description should compute correctly
        ok 3 - fullName should compute correctly
        ok 4 - description should compute correctly
        1..4
    ok 5 - Dynamic updates # time=0.297ms
    
    1..5
ok 7 - src/component/setup/computed.test.js # time=1567.727ms

# Subtest: src/component/setup/props.test.js
    # Subtest: Type props function
        ok 1 - props should be a function
        1..1
    ok 1 - Type props function # time=1.829ms
    
    # Subtest: Has correct symbols
        ok 1 - Component should have a propKey symbol
        1..1
    ok 2 - Has correct symbols # time=0.424ms
    
    # Subtest: Pass props as an array
        ok 1 - All passed props should be stored on propKeys
        ok 2 - All passed props should be stored on propKeys
        ok 3 - A getter should have been created for property index
        ok 4 - A getter should have been created for property img
        ok 5 - A getter should have been created for property url
        ok 6 - A getter should have been created for property ref
        1..6
    ok 3 - Pass props as an array # time=0.379ms
    
    # Subtest: Get value of props
        ok 1 - The correct value of index should be returned via the getter
        ok 2 - The correct value of index should be returned via the getter
        ok 3 - The correct value of img should be returned via the getter
        ok 4 - The correct value of img should be returned via the getter
        ok 5 - The correct value of url should be returned via the getter
        ok 6 - The correct value of url should be returned via the getter
        ok 7 - The correct value of ref should be returned via the getter
        ok 8 - The correct value of ref should be returned via the getter
        ok 9 - Undefined should be returned if a prop doesn't exist
        1..9
    ok 4 - Get value of props # time=0.486ms
    
    # Subtest: Passing props as an object
        ok 1 - All passed props should be stored on propKeys
        ok 2 - All passed props should be stored on propKeys
        ok 3 - A getter should have been created for property [object Object]
        ok 4 - A getter should have been created for property [object Object]
        ok 5 - A getter should have been created for property [object Object]
        ok 6 - A getter should have been created for property ref
        1..6
    ok 5 - Passing props as an object # time=0.355ms
    
    # Subtest: Passing props as an object mixed with single keys
        ok 1 - All passed props should be stored on propKeys
        ok 2 - All passed props should be stored on propKeys
        ok 3 - A getter should have been created for property [object Object]
        ok 4 - A getter should have been created for property img
        ok 5 - A getter should have been created for property [object Object]
        ok 6 - A getter should have been created for property ref
        1..6
    ok 6 - Passing props as an object mixed with single keys # time=0.34ms
    
    # Subtest: Casting props to a type
        ok 1 - Should cast prop value to a Number
        ok 2 - Should cast prop value to a String
        ok 3 - Should cast prop value to a Boolean
        ok 4 - Should cast according to a custom function
        1..4
    ok 7 - Casting props to a type # time=0.297ms
    
    # Subtest: Setting default value for undefined props
        ok 1 - Should return default prop value when undefined
        1..1
    ok 8 - Setting default value for undefined props # time=0.14ms
    
    # Subtest: Required props with default
        ok 1 - Should return default prop value when undefined
        1..1
    ok 9 - Required props with default # time=0.136ms
    
    # Subtest: Required props without default
        ok 1 - Should return undefined prop value when undefined
        ok 2 - should be equal
        ok 3 - Should log warning message
        1..3
    ok 10 - Required props without default # time=1.196ms
    
    # Subtest: Setting prop value directly
        ok 1 - Should be possible to mutate the property
        ok 2 - should be equal
        ok 3 - Should log warning message
        1..3
    ok 11 - Setting prop value directly # time=0.607ms
    
    1..11
ok 8 - src/component/setup/props.test.js # time=1603.113ms

# Subtest: src/component/setup/routes.test.js
    # Subtest: Type
        ok 1 - routes should be a function
        1..1
    ok 1 - Type # time=1.795ms
    
    # Subtest: Array routes with default options
        ok 1 - Should set correct number of routes
        ok 2 - Should apply default options when none specified
        ok 3 - Should override default options when specified
        1..3
    ok 2 - Array routes with default options # time=1.214ms
    
    # Subtest: Object routes with hooks
        ok 1 - Should set router hooks
        ok 2 - Should set routes from object data
        ok 3 - Should set correct route path
        1..3
    ok 3 - Object routes with hooks # time=0.289ms
    
    # Subtest: Empty routes array
        ok 1 - Should initialize routes as array
        ok 2 - Should handle empty routes array
        1..2
    ok 4 - Empty routes array # time=0.224ms
    
    1..4
ok 9 - src/component/setup/routes.test.js # time=1534.986ms

# Subtest: src/components/Sprite.test.js
    # Subtest: Sprite - Type
        ok 1 - Sprite should be a function
        ok 2 - Sprite() should return a function
        1..2
    ok 1 - Sprite - Type # time=3.739ms
    
    # Subtest: Sprite - Initialization
        ok 1 - image prop should be undefined initially
        ok 2 - spriteTexture should be null initially
        ok 3 - currentSrc should be null initially
        1..3
    ok 2 - Sprite - Initialization # time=3.727ms
    
    # Subtest: Sprite - Texture returns null for invalid inputs
        ok 1 - texture should be null when image is undefined
        ok 2 - texture should be null when image is null
        ok 3 - texture should be null when renderer.createTexture is missing
        1..3
    ok 3 - Sprite - Texture returns null for invalid inputs # time=0.719ms
    
    # Subtest: Sprite - Texture creates and reuses ImageTexture
        ok 1 - texture should not be null when image is set
        ok 2 - currentSrc should be set to image path
        ok 3 - createTexture should be called once for first image
        ok 4 - createTexture should be called again when image changes
        1..4
    ok 4 - Sprite - Texture creates and reuses ImageTexture # time=0.493ms
    
    # Subtest: Sprite - Texture creates SubTexture with map and frame
        ok 1 - texture should be SubTexture when map and frame are set
        ok 2 - currentSrc should remain unchanged
        ok 3 - ImageTexture should be created only once
        ok 4 - spriteTexture should be reused
        ok 5 - texture should be SubTexture when map and frame are set
        ok 6 - currentSrc should remain unchanged
        ok 7 - ImageTexture should be created only once
        ok 8 - spriteTexture should be reused
        ok 9 - texture should be SubTexture when map and frame are set
        ok 10 - currentSrc should remain unchanged
        ok 11 - ImageTexture should be created only once
        ok 12 - spriteTexture should be reused
        ok 13 - texture should be SubTexture when map and frame are set
        ok 14 - currentSrc should remain unchanged
        ok 15 - ImageTexture should be created only once
        ok 16 - spriteTexture should be reused
        1..16
    ok 5 - Sprite - Texture creates SubTexture with map and frame # time=1.001ms
    
    # Subtest: Sprite - Texture returns spriteTexture when no frame
        ok 1 - texture should not be null when no frame is set
        ok 2 - should not create SubTexture when no frame
        ok 3 - should NOT create SubTexture for nonexistent frame in map.frames structure
        ok 4 - texture should not be null
        ok 5 - should NOT create additional SubTexture for nonexistent frame in direct map
        1..5
    ok 6 - Sprite - Texture returns spriteTexture when no frame # time=0.54ms
    
    1..6
ok 10 - src/components/Sprite.test.js # time=1600.936ms

# Subtest: src/engines/L3/element.test.js
    # Subtest: Type
        ok 1 - Element should be a factory function
        1..1
    ok 1 - Type # time=1.586ms
    
    # Subtest: Destroy
        ok 1 - Node destroy should be invoked
        1..1
    ok 2 - Destroy # time=0.988ms
    
    # Subtest: NodeId
        ok 1 - NodeId should be correct
        1..1
    ok 3 - NodeId # time=0.188ms
    
    # Subtest: Ref
        ok 1 - Ref should be correct
        1..1
    ok 4 - Ref # time=0.14ms
    
    # Subtest: Parent
        ok 1 - Parent should be correct
        1..1
    ok 5 - Parent # time=0.132ms
    
    # Subtest: Children
        ok 1 - Children amount should be correct
        ok 2 - Children should be correct
        1..2
    ok 6 - Children # time=0.822ms
    
    # Subtest: Element - Set `w` property
        ok 1 - Node width parameter should be set
        ok 2 - Props width parameter should be set
        ok 3 - Props' raw map entry should be added
        1..3
    ok 7 - Element - Set `w` property # time=0.67ms
    
    # Subtest: Element- Set `w` property in percentage
        ok 1 - Node width parameter should be set to 960
        ok 2 - Props width parameter should be set
        ok 3 - Props' raw map entry should be added
        1..3
    ok 8 - Element- Set `w` property in percentage # time=0.413ms
    
    # Subtest: Element - Set `h` property
        ok 1 - Node height parameter should be set
        ok 2 - Props height parameter should be set
        ok 3 - Props' raw map entry should be added
        1..3
    ok 9 - Element - Set `h` property # time=0.414ms
    
    # Subtest: Element- Set `h` property in percentage
        ok 1 - Node width parameter should be set to 540
        ok 2 - Props width parameter should be set
        ok 3 - Props' raw map entry should be added
        1..3
    ok 10 - Element- Set `h` property in percentage # time=0.396ms
    
    # Subtest: Element - Set `x` property
        ok 1 - Node x parameter should be set
        ok 2 - Props x parameter should be set
        ok 3 - Props' raw map entry should be added
        1..3
    ok 11 - Element - Set `x` property # time=0.425ms
    
    # Subtest: Element- Set `x` property in percentage
        ok 1 - Node x parameter should be set to 960
        ok 2 - Props x parameter should be set
        ok 3 - Props' raw map entry should be added
        1..3
    ok 12 - Element- Set `x` property in percentage # time=0.533ms
    
    # Subtest: Element - Set `y` property
        ok 1 - Node y parameter should be set
        ok 2 - Props y parameter should be set
        ok 3 - Props' raw map entry should be added
        1..3
    ok 13 - Element - Set `y` property # time=0.407ms
    
    # Subtest: Element- Set `y` property in percentage
        ok 1 - Node y parameter should be set to 540
        ok 2 - Props y parameter should be set
        ok 3 - Props' raw map entry should be added
        1..3
    ok 14 - Element- Set `y` property in percentage # time=0.389ms
    
    # Subtest: Element - Set `mount` property
        ok 1 - Node mountX parameter should be set
        ok 2 - Node mountY parameter should be set
        ok 3 - Props mountX parameter should be set
        ok 4 - Props mountY parameter should be set
        ok 5 - Props' raw map entry should be added
        1..5
    ok 15 - Element - Set `mount` property # time=0.622ms
    
    # Subtest: Element - Set `color` property
        ok 1 - Node color parameter should be set
        ok 2 - Props color parameter should be set
        ok 3 - Props' raw map entry should be added
        1..3
    ok 16 - Element - Set `color` property # time=0.472ms
    
    # Subtest: Element - Set `src` property
        ok 1 - Node src parameter should be set
        ok 2 - Props src parameter should be set
        ok 3 - Props' raw map entry should be added
        ok 4 - Props default color parameter should be set
        1..4
    ok 17 - Element - Set `src` property # time=0.452ms
    
    # Subtest: Element - Set `texture` property
        ok 1 - Node texture parameter should be set
        ok 2 - Props texture parameter should be set
        ok 3 - Props' raw map entry should be added
        ok 4 - Props default color parameter should be set
        1..4
    ok 18 - Element - Set `texture` property # time=0.422ms
    
    # Subtest: Element - Set `fit` property with a string type value
        ok 1 - textureOptions should be an object
        ok 2 - resizeMode should be an object
        ok 3 - Node resizeMode "type" parameter should be set
        ok 4 - Props textureOptions parameter should be set
        ok 5 - Props' raw map entry should be added
        1..5
    ok 19 - Element - Set `fit` property with a string type value # time=0.488ms
    
    # Subtest: Element - Set `fit` property with an object type value
        ok 1 - Node resizeMode "type" parameter should be set
        ok 2 - Props textureOptions parameter should be set
        ok 3 - Node resizeMode "clipX" parameter should be set to correct value
        ok 4 - Node resizeMode "clipY" parameter should be set to correct value
        ok 5 - Props' raw map entry should be added
        1..5
    ok 20 - Element - Set `fit` property with an object type value # time=0.477ms
    
    # Subtest: Element - Set `fit` property with position key as a string type value
        ok 1 - Node resizeMode "type" parameter should be set
        ok 2 - Props textureOptions parameter should be set
        ok 3 - Node resizeMode "clipX" parameter should be set to correct value
        ok 4 - Node resizeMode "clipY" parameter should be set to correct value
        ok 5 - Props' raw map entry should be added
        1..5
    ok 21 - Element - Set `fit` property with position key as a string type value # time=0.499ms
    
    # Subtest: Element - Set `fit` property should not set not required keys
        ok 1 - Node resizeMode "type" parameter should be set
        ok 2 - Props resizeMode "dummy1" parameter should not be set
        ok 3 - Props resizeMode "dummy2" parameter should not be set
        1..3
    ok 22 - Element - Set `fit` property should not set not required keys # time=0.384ms
    
    # Subtest: Element - Set `placement` property with value `center`
        ok 1 - Node mountX parameter should set to 0.5
        ok 2 - Props mountX parameter should set to 0.5
        ok 3 - Node x parameter should set to half of parent node width, 960
        ok 4 - props x parameter should be set to 960
        ok 5 - Node Y parameter should not be modified from default value
        1..5
    ok 23 - Element - Set `placement` property with value `center` # time=0.468ms
    
    # Subtest: Element - Set `placement` property with value `right`
        ok 1 - Node mountX parameter should set to 1
        ok 2 - Props mountX parameter should set to 1
        ok 3 - Node x parameter should set to parent node full width, 1920
        ok 4 - props x parameter should be set to 1920
        ok 5 - Node Y parameter should not be modified from default value
        1..5
    ok 24 - Element - Set `placement` property with value `right` # time=0.587ms
    
    # Subtest: Element - Set `placement` property with value `middle`
        ok 1 - Node mountY parameter should set to 0.5
        ok 2 - Props mountY parameter should set to 0.5
        ok 3 - Node Y parameter should set to half of parent node height, 540
        ok 4 - props Y parameter should be set to 540
        ok 5 - Node X parameter should not be modified from default value
        1..5
    ok 25 - Element - Set `placement` property with value `middle` # time=0.419ms
    
    # Subtest: Element - Set `placement` property with value `bottom`
        ok 1 - Node mountY parameter should set to 1
        ok 2 - Props mountY parameter should set to 1
        ok 3 - Node Y parameter should set to parent node full height, 1080
        ok 4 - props Y parameter should be set to 1080
        ok 5 - Node X parameter should not be modified from default value
        1..5
    ok 26 - Element - Set `placement` property with value `bottom` # time=0.404ms
    
    # Subtest: Element - Set `placement` property with value `bottom` & x = 300
        ok 1 - Node mountY parameter should set to 1
        ok 2 - Props mountY parameter should set to 1
        ok 3 - Node Y parameter should set to parent node full height, 1080
        ok 4 - props Y parameter should be set to 1080
        ok 5 - Node x parameter should set custom value 300
        1..5
    ok 27 - Element - Set `placement` property with value `bottom` & x = 300 # time=0.403ms
    
    # Subtest: Element - Set `placement` property with object value `{x:"center", y:"middle"}`
        ok 1 - Node mountX parameter should set to 0.5
        ok 2 - Props mountX parameter should set to 0.5
        ok 3 - Node x parameter should set to half of parent node width, 960
        ok 4 - Node mountY parameter should set to 0.5
        ok 5 - Props mountY parameter should set to 0.5
        ok 6 - Node Y parameter should set to half of parent node height, 540
        1..6
    ok 28 - Element - Set `placement` property with object value `{x:"center", y:"middle"}` # time=0.444ms
    
    # Subtest: Element - Set `placement` property with object value `{x:"center", y:"bottom"}`
        ok 1 - Node mountX parameter should set to 0.5
        ok 2 - Props mountX parameter should set to 0.5
        ok 3 - Node x parameter should set to half of parent node width, 960
        ok 4 - Node mountY parameter should set to 1
        ok 5 - Props mountY parameter should set to 1
        ok 6 - Node Y parameter should set to parent node full height , 1080
        1..6
    ok 29 - Element - Set `placement` property with object value `{x:"center", y:"bottom"}` # time=0.508ms
    
    # Subtest: Element - Set `placement` property with object value `{x:"right", y:"middle"}`
        ok 1 - Node mountX parameter should set to 1
        ok 2 - Props mountX parameter should set to 1
        ok 3 - Node x parameter should set to parent node full width, 1920
        ok 4 - Node mountY parameter should set to 0.5
        ok 5 - Props mountY parameter should set to 0.5
        ok 6 - Node Y parameter should set to half of parent node height, 540
        1..6
    ok 30 - Element - Set `placement` property with object value `{x:"right", y:"middle"}` # time=1.464ms
    
    # Subtest: Element - Set `placement` property with object value `{x:"right", y:"bottom"}`
        ok 1 - Node mountX parameter should set to 1
        ok 2 - Props mountX parameter should set to 1
        ok 3 - Node x parameter should set to parent node full width, 1920
        ok 4 - Node mountY parameter should set to 1
        ok 5 - Props mountY parameter should set to 1
        ok 6 - Node Y parameter should set to parent node height, 1080
        1..6
    ok 31 - Element - Set `placement` property with object value `{x:"right", y:"bottom"}` # time=0.59ms
    
    # Subtest: Element - Set `float` property with value `unknown`
        ok 1 - Node mountX parameter should not be changed
        ok 2 - Props mountX parameter should not be changed
        ok 3 - Node x parameter should not get updated
        ok 4 - props x parameter should not be changed
        1..4
    ok 32 - Element - Set `float` property with value `unknown` # time=0.432ms
    
    # Subtest: Element - Set `show` property as false
        ok 1 - Node alpha parameter should set to 0
        ok 2 - Props alpha parameter should set
        1..2
    ok 33 - Element - Set `show` property as false # time=0.383ms
    
    # Subtest: Element - Set `show` property as false
        ok 1 - Node alpha parameter should be set
        ok 2 - Props alpha parameter should be set
        ok 3 - Node width parameter should be set
        ok 4 - Node height parameter should be set
        1..4
    ok 34 - Element - Set `show` property as false # time=0.236ms
    
    # Subtest: Element - Set `w` property through transition
        ok 1 - Props width parameter should be set
        1..1
    ok 35 - Element - Set `w` property through transition # time=0.628ms
    
    # Subtest: Element - Listen to transition start callback on `w` prop changes
        ok 1 - Props width parameter should be set
        ok 2 - Transition start callback should be called once
        ok 3 - Transition start callback should be called with three arguments
        ok 4 - Transition start callback first argument should be element itself
        ok 5 - Transition start callback second argument should be `width` property
        ok 6 - Transition start callback third argument value should be an initial value of `0`
        1..6
    ok 36 - Element - Listen to transition start callback on `w` prop changes # time=1.052ms
    
    # Subtest: Element - Cancel transition running on same prop `W` 
        ok 1 - Props width parameter should be set
        1..1
    ok 37 - Element - Cancel transition running on same prop `W` # time=0.313ms
    
    # Subtest: Element - Layout with horizontal direction layout use cases
        ok 1 - Child 1 Node width parameter should be set
        ok 2 - Child 1 Props width parameter should be set
        ok 3 - Child 2 Node X parameter should be layout gap + child 1 width
        ok 4 - Layout updated callback should be called 3 times
        ok 5 - Layout updated callback should be called with 2 arguments
        ok 6 - Layout width should be equal to Child1 width
        ok 7 - Layout height should be equal to Child1 or Child 2 height
        ok 8 - Child 2 Node width parameter should be set
        ok 9 - Child 2 Props width parameter should be set
        ok 10 - Layout updated callback call count should be 4
        ok 11 - Layout width should be equal to Child1 width + gap + Child2 width
        ok 12 - Layout height should be equal to Child1 or Child 2 height
        1..12
    ok 38 - Element - Layout with horizontal direction layout use cases # time=1.507ms
    
    # Subtest: Element - Layout with vertical direction use case
        ok 1 - Child 1 Node height parameter should be set
        ok 2 - Child 1 Props height parameter should be set
        ok 3 - Child 2 Node y parameter should be layout gap + Child 1 height
        ok 4 - Layout updated callback should be called 3 times
        ok 5 - Layout updated callback should be called with 2 arguments
        ok 6 - Layout height should be equal to Child1 height
        ok 7 - Layout width should be equal to Child1 or Child 2 width
        ok 8 - Child 2 Node height parameter should be set
        ok 9 - Child 2 Props height parameter should be set
        ok 10 - Layout updated callback call count should be 4
        ok 11 - Layout height should be equal to Child1 height + gap + Child2 height
        ok 12 - Layout w should be equal to Child1 or Child 2 width
        1..12
    ok 39 - Element - Layout with vertical direction use case # time=1.319ms
    
    # Subtest: Element - Create Text Node
        ok 1 - Node text parameter should be set
        ok 2 - Props text parameter should be set
        ok 3 - Props' raw map entry should be added
        1..3
    ok 40 - Element - Create Text Node # time=0.775ms
    
    # Subtest: Element - Create Text Node with supported props
        ok 1 - Node text parameter should be set
        ok 2 - Props text parameter should be set
        ok 3 - Node textoverflow parameter should be set
        ok 4 - Props textoverflow parameter should be set
        ok 5 - Node letterSpacing parameter should be set
        ok 6 - Props letterSpacing parameter should be set
        ok 7 - Node lineHeight parameter should be set
        ok 8 - Props lineHeight parameter should be set
        1..8
    ok 41 - Element - Create Text Node with supported props # time=2.261ms
    
    # Subtest: Element - Create Text Node with supported props 2
        ok 1 - Node height parameter should be set
        ok 2 - Props textoverflow parameter should be set
        ok 3 - Node contain parameter should be set
        ok 4 - Props contain parameter should be set
        ok 5 - Node contain parameter should be set
        ok 6 - Props contain parameter should be set
        ok 7 - Node maxLines parameter should be set
        ok 8 - Props maxLines parameter should be set
        ok 9 - Node textAlign parameter should be set
        ok 10 - Props textAlign parameter should be set
        1..10
    ok 42 - Element - Create Text Node with supported props 2 # time=0.709ms
    
    # Subtest: Element - Create Text Node with supported props 3
        ok 1 - Node width parameter should be set
        ok 2 - Props width parameter should be set
        ok 3 - Node contain parameter should be set
        ok 4 - Props contain parameter should be set
        ok 5 - Node width parameter should be set
        ok 6 - Props width parameter should be set
        ok 7 - Node contain parameter should be set
        ok 8 - Props contain parameter should be set
        ok 9 - Node clipping parameter should be set
        ok 10 - Props clipping parameter should be set
        ok 11 - overflow attribute should set node clipping parameter
        ok 12 - Props clipping parameter should be set
        1..12
    ok 43 - Element - Create Text Node with supported props 3 # time=0.685ms
    
    # Subtest: Element - Transition an element property with progress callback
        ok 1 - Props width parameter should be set
        1..1
    ok 44 - Element - Transition an element property with progress callback # time=0.359ms
    
    # Subtest: Element - Transition an element property with end callback
        ok 1 - Props width parameter should be set
        1..1
    ok 45 - Element - Transition an element property with end callback # time=0.316ms
    
    # Subtest: Element - Destroy created Element node
        ok 1 - Node should set to null
        ok 2 - Component should be deleted from element
        ok 3 - Props should be deleted from element
        ok 4 - Config should be deleted from element
        ok 5 - TriggerLayout should be deleted from element
        1..5
    ok 46 - Element - Destroy created Element node # time=0.656ms
    
    # Subtest: Element - Element with error callback
        ok 1 - Props @error parameter should be set
        ok 2 - Prop's raw map entry should be added
        ok 3 - error callback should be called once
        1..3
    ok 47 - Element - Element with error callback # time=0.766ms
    
    # Subtest: Element - Element with loaded callback
        ok 1 - Props @loaded parameter should be set
        ok 2 - Prop's raw map entry should be added
        1..2
    ok 48 - Element - Element with loaded callback # time=2.393ms
    
    1..48
ok 11 - src/engines/L3/element.test.js # time=5474.473ms

# Subtest: src/focus.test.js
    # Subtest: Focus type
        ok 1 - Component should be a function
        1..1
    ok 1 - Focus type # time=1.625ms
    
    # Subtest: Public methods on focus object
        ok 1 - Focus should have a get method
        ok 2 - Focus should have a set method
        ok 3 - Focus should have an input method
        1..3
    ok 2 - Public methods on focus object # time=0.26ms
    
    # Subtest: Setting focus
        ok 1 - Focused component should be set as new focused component
        ok 2 - Focused component should have the lifecycle state "focus"
        1..2
    ok 3 - Setting focus # time=3.88ms
    
    # Subtest: Focussing along focus path
        ok 1 - Focused component should have the lifecycle state "focus"
        ok 2 - Parent of focused component should also have the lifecycle state "focus" (as part of the focus chain)
        1..2
    ok 4 - Focussing along focus path # time=2.1ms
    
    # Subtest: Unfocus focus chain
        ok 1 - Focused component should have the lifecycle state "focus"
        ok 2 - Focused component should have the lifecycle state "focus"
        ok 3 - Previously focused component should have the lifecycle state "focus"
        ok 4 - Parent of previously focused component should also have the lifecycle state "unfocus" (as part of the focus chain)
        1..4
    ok 5 - Unfocus focus chain # time=3.42ms
    
    # Subtest: Unfocus partial focus chain
        ok 1 - Focused component should have the lifecycle state "focus"
        ok 2 - Focused component should have the lifecycle state "focus"
        ok 3 - Previously focused component should have the lifecycle state "focus"
        ok 4 - Grandparent of previously focused component should still have the lifecycle state "focus" (as part of the new focus chain)
        1..4
    ok 6 - Unfocus partial focus chain # time=3.336ms
    
    1..6
ok 12 - src/focus.test.js # time=1390.993ms

# Subtest: src/helpers/deepEqualArray.test.js
    # Subtest: Type
        ok 1 - deepEqual should be a function
        1..1
    ok 1 - Type # time=1.75ms
    
    # Subtest: The same arrays
        ok 1 - deepEqual should return true if the values are the same reference
        1..1
    ok 2 - The same arrays # time=0.219ms
    
    # Subtest: Equal simple arrays
        ok 1 - deepEqual should return true if simple arrays are equal
        1..1
    ok 3 - Equal simple arrays # time=0.14ms
    
    # Subtest: Not equal simple arrays
        ok 1 - deepEqual should return false if simple arrays are not equal
        1..1
    ok 4 - Not equal simple arrays # time=0.128ms
    
    # Subtest: Not Equal simple arrays (different length)
        ok 1 - deepEqual should return false if simple arrays are equal
        1..1
    ok 5 - Not Equal simple arrays (different length) # time=0.127ms
    
    # Subtest: Equal nested arrays
        ok 1 - deepEqual should return true if nested arrays are equal
        1..1
    ok 6 - Equal nested arrays # time=0.125ms
    
    # Subtest: Not equal nested arrays
        ok 1 - deepEqual should return false if nested arrays are not equal
        1..1
    ok 7 - Not equal nested arrays # time=0.123ms
    
    # Subtest: Equal arrays with objects
        ok 1 - deepEqual should return true if arrays with objects are equal
        1..1
    ok 8 - Equal arrays with objects # time=0.147ms
    
    # Subtest: Not equal arrays with objects (keys
        ok 1 - deepEqual should return false if arrays with objects are not equal
        1..1
    ok 9 - Not equal arrays with objects (keys # time=0.131ms
    
    # Subtest: Equal arrays with mixed values
        ok 1 - deepEqual should return true if arrays with mixed values are equal
        1..1
    ok 10 - Equal arrays with mixed values # time=0.125ms
    
    # Subtest: Not Equal arrays with mixed values
        ok 1 - deepEqual should return true if arrays with mixed values are not equal
        1..1
    ok 11 - Not Equal arrays with mixed values # time=0.123ms
    
    1..11
ok 13 - src/helpers/deepEqualArray.test.js # time=1277.14ms

# Subtest: src/lib/codegenerator/generator.test.js
    # Subtest: Type
        ok 1 - Generator should be a function
        1..1
    ok 1 - Type # time=1.631ms
    
    # Subtest: Returns an object with a render function and a context object
        ok 1 - Generator should return an object
        ok 2 - Generated object should have a render key
        ok 3 - Generated object should have an effects key
        ok 4 - Generated object should have a context key
        1..4
    ok 2 - Returns an object with a render function and a context object # time=0.476ms
    
    # Subtest: The render key is a function
        ok 1 - Render key should return a function
        1..1
    ok 3 - The render key is a function # time=0.168ms
    
    # Subtest: The effects key is an array (of functions)
        ok 1 - Update key should return an Array
        1..1
    ok 4 - The effects key is an array (of functions) # time=0.135ms
    
    # Subtest: The contex key is an object
        ok 1 - Context key should return an object
        1..1
    ok 5 - The contex key is an object # time=0.134ms
    
    # Subtest: Generate render and effect code for an empty template
        ok 1 - Generator should return a render function with the correct code
        ok 2 - Generator should return an empty effects array
        1..2
    ok 6 - Generate render and effect code for an empty template # time=0.297ms
    
    # Subtest: Generate render and effect code for a template with a single simple element
        ok 1 - Generator should return a render function with the correct code
        ok 2 - Generator should return an empty effects array
        1..2
    ok 7 - Generate render and effect code for a template with a single simple element # time=0.412ms
    
    # Subtest: Generate code for a template with a simple element and a simple nested element
        ok 1 - Generator should return a render function with the correct code
        ok 2 - Generator should return an empty effects array
        1..2
    ok 8 - Generate code for a template with a simple element and a simple nested element # time=0.325ms
    
    # Subtest: Generate code for a template with a single element with attributes
        ok 1 - Generator should return a render function with the correct code
        ok 2 - Generator should return an empty effects array
        1..2
    ok 9 - Generate code for a template with a single element with attributes # time=0.449ms
    
    # Subtest: Generate code for a template with a single element with attributes with a boolean like value
        ok 1 - Generator should return a render function with the correct code
        ok 2 - Generator should return an empty effects array
        1..2
    ok 10 - Generate code for a template with a single element with attributes with a boolean like value # time=0.27ms
    
    # Subtest: Generate code for a template with a single element with attributes with numeric & alpha numeric value
        ok 1 - Generator should return a render function with the correct code
        ok 2 - Generator should return an empty effects array
        1..2
    ok 11 - Generate code for a template with a single element with attributes with numeric & alpha numeric value # time=0.335ms
    
    # Subtest: Generate code for a template with attributes and a nested element with attributes
        ok 1 - Generator should return a render function with the correct code
        ok 2 - Generator should return an empty effects array
        1..2
    ok 12 - Generate code for a template with attributes and a nested element with attributes # time=0.29ms
    
    # Subtest: Generate code for a template with attributes and 2 nested elements with attributes
        ok 1 - Generator should return a render function with the correct code
        ok 2 - Generator should return an empty effects array
        1..2
    ok 13 - Generate code for a template with attributes and 2 nested elements with attributes # time=0.303ms
    
    # Subtest: Generate code for a template with attributes and deep nested elements with attributes
        ok 1 - Generator should return a render function with the correct code
        ok 2 - Generator should return an empty effects array
        1..2
    ok 14 - Generate code for a template with attributes and deep nested elements with attributes # time=0.347ms
    
    # Subtest: Generate code for a template with simple dynamic attributes
        ok 1 - Generator should return a render function with the correct code
        ok 2 - Generator should return an effects array with 2 items
        ok 3 - Generator should return first render function with the correct code
        ok 4 - Generator should return second render function with the correct code
        1..4
    ok 15 - Generate code for a template with simple dynamic attributes # time=0.523ms
    
    # Subtest: Generate code for a template with an attribute with a dash
        ok 1 - Generator should return a render function with the correct code
        ok 2 - Generator should return an empty effects array
        1..2
    ok 16 - Generate code for a template with an attribute with a dash # time=0.253ms
    
    # Subtest: Generate code for a template with dynamic attributes with code to be evaluated
        ok 1 - Generator should return a render function with the correct code
        ok 2 - Generator should return an effects array with 3 items
        ok 3 - Generator should return first effect function with the correct code
        ok 4 - Generator should return second effect function with the correct code
        ok 5 - Generator should return third effect function with the correct code
        1..5
    ok 17 - Generate code for a template with dynamic attributes with code to be evaluated # time=0.489ms
    
    # Subtest: Generate code for a template with attribute (object)
        ok 1 - Generator should return a render function with the correct code
        ok 2 - Generator should return an empty effects array
        1..2
    ok 18 - Generate code for a template with attribute (object) # time=0.303ms
    
    # Subtest: Generate code for a template with dynamic attribute (object)
        ok 1 - Generator should return a render function with the correct code
        ok 2 - Generator should return an empty effects array
        1..2
    ok 19 - Generate code for a template with dynamic attribute (object) # time=0.475ms
    
    # Subtest: Generate code for a template with attribute (object) with mixed dynamic & static value
        ok 1 - Generator should return a render function with the correct code
        ok 2 - Generator should return an empty effects array
        1..2
    ok 20 - Generate code for a template with attribute (object) with mixed dynamic & static value # time=0.259ms
    
    # Subtest: Generate code for a template with @-listeners
        ok 1 - Generator should return a render function with the correct code
        ok 2 - Generator should return an empty effects array
        1..2
    ok 21 - Generate code for a template with @-listeners # time=0.255ms
    
    # Subtest: Generate code for a template with custom components
        ok 1 - Generator should return a render function with the correct code
        ok 2 - Generator should return an empty effects array
        1..2
    ok 22 - Generate code for a template with custom components # time=0.602ms
    
    # Subtest: Generate code for a template with an unregistered custom component
        ok 1 - Generator should return a render function with the correct code
        ok 2 - Generator should return an empty effects array
        1..2
    ok 23 - Generate code for a template with an unregistered custom component # time=0.455ms
    
    # Subtest: Generate code for a template with custom components with arguments
        ok 1 - Generator should return a render function with the correct code
        ok 2 - Generator should return an empty effects array
        1..2
    ok 24 - Generate code for a template with custom components with arguments # time=0.534ms
    
    # Subtest: Generate code for a template with custom components with argument value as numeric & alpha numeric
        ok 1 - Generator should return a render function with the correct code
        ok 2 - Generator should return an empty effects array
        1..2
    ok 25 - Generate code for a template with custom components with argument value as numeric & alpha numeric # time=0.413ms
    
    # Subtest: Generate code for a template with custom components with reactive props
        ok 1 - Generator should return a render function with the correct code
        ok 2 - Generator should return an effects array with 4 functions
        ok 3 - Generator should return an effect function that sets the value on the node
        ok 4 - Generator should return an effect function that updates a prop on the first custom component
        ok 5 - Generator should return an effect function that sets the value on the node
        ok 6 - Generator should return an effect function that updates a prop on the second custom component
        1..6
    ok 26 - Generate code for a template with custom components with reactive props # time=0.73ms
    
    # Subtest: Generate code for a template with a transition attributes
        ok 1 - Generator should return a render function with the correct code
        ok 2 - Generator should not return an empty effects array
        1..2
    ok 27 - Generate code for a template with a transition attributes # time=0.3ms
    
    # Subtest: Generate code for a template with slot content
        ok 1 - Generator should return a render function with the correct code
        ok 2 - Generator should return an effects array with 1 item
        ok 3 - Generator should return an effect function for the reactive rotation attribute
        1..3
    ok 28 - Generate code for a template with slot content # time=1.333ms
    
    # Subtest: Generate code for a template with slot content, using a named slot
        ok 1 - Generator should return a render function with the correct code
        ok 2 - Generator should return an empty effects array
        1..2
    ok 29 - Generate code for a template with slot content, using a named slot # time=1.412ms
    
    # Subtest: Generate code for a template with a slot
        ok 1 - Generator should return a render function with the correct code
        ok 2 - Generator should return an empty effects array
        1..2
    ok 30 - Generate code for a template with a slot # time=0.873ms
    
    # Subtest: Generate code for a template with inline Text
        ok 1 - Generator should return a render function with the correct code
        ok 2 - Generator should return an empty effects array
        1..2
    ok 31 - Generate code for a template with inline Text # time=0.536ms
    
    # Subtest: Generate code for a template with inline dynamic Text
        ok 1 - Generator should return a render function with the correct code
        ok 2 - Generator should return an empty effects array
        1..2
    ok 32 - Generate code for a template with inline dynamic Text # time=0.305ms
    
    # Subtest: Generate code for a template with inline dynamic Text embedded in static text
        ok 1 - Generator should return a render function with the correct code
        ok 2 - Generator should return an empty effects array
        1..2
    ok 33 - Generate code for a template with inline dynamic Text embedded in static text # time=0.348ms
    
    # Subtest: Generate code for a template with a single element with attributes with percentages
        ok 1 - Generator should return a render function with the correct code
        ok 2 - Generator should return an empty effects array
        1..2
    ok 34 - Generate code for a template with a single element with attributes with percentages # time=0.318ms
    
    # Subtest: Generate code for a template with a simple for-loop on an Element
        ok 1 - Generator should return a render function with the correct code
        ok 2 - Generator should return an empty effect array
        1..2
    ok 35 - Generate code for a template with a simple for-loop on an Element # time=0.853ms
    
    # Subtest: Generate code for a template with a simple for-loop on an Element, Using data from appState plugin
        ok 1 - Generator should return a render function with the correct code using data from appState plugin
        ok 2 - Generator should return an empty effect array
        1..2
    ok 36 - Generate code for a template with a simple for-loop on an Element, Using data from appState plugin # time=0.583ms
    
    # Subtest: Generate code for a template with a simple for-loop on an Element, Using data from nested state property
        ok 1 - Generator should return a render function with the correct code using data from nested state property
        ok 2 - Generator should return an empty effect array
        1..2
    ok 37 - Generate code for a template with a simple for-loop on an Element, Using data from nested state property # time=0.598ms
    
    # Subtest: Generate code for a template with a simple for-loop on an Element with a custom index key
        ok 1 - Generator should return a render function with the correct code
        ok 2 - Generator should return an empty effects array
        1..2
    ok 38 - Generate code for a template with a simple for-loop on an Element with a custom index key # time=0.549ms
    
    # Subtest: Generate code for a template with a simple for-loop on an Element with a key attribute
        ok 1 - Generator should return a render function with the correct code
        ok 2 - Generator should return an empty effects array
        1..2
    ok 39 - Generate code for a template with a simple for-loop on an Element with a key attribute # time=0.445ms
    
    # Subtest: Generate code for a template with a simple for-loop on a Component with a key attribute and a custom index
        ok 1 - Generator should return a render function with the correct code
        ok 2 - Generator should return an empty effects array
        1..2
    ok 40 - Generate code for a template with a simple for-loop on a Component with a key attribute and a custom index # time=0.683ms
    
    # Subtest: Generate code for a template with a simple for-loop on an Element with an automatic ref attribute
        ok 1 - Generator should return a render function with the correct code
        ok 2 - Generator should return an effects array with 1 function
        1..2
    ok 41 - Generate code for a template with a simple for-loop on an Element with an automatic ref attribute # time=0.492ms
    
    # Subtest: Generate code for a template with double $$ (i.e. referencing a Blits plugin)
        ok 1 - Generator should return a render function with the correct code
        ok 2 - Generator should return an effects array with 1 item
        ok 3 - Generator should return first render function with the correct code
        1..3
    ok 42 - Generate code for a template with double $$ (i.e. referencing a Blits plugin) # time=0.399ms
    
    # Subtest: Generate code for a template with verification of dynamic attributes
        ok 1 - Generator should return a render function with the correct code
        ok 2 - Generator should return an empty effects array
        1..2
    ok 43 - Generate code for a template with verification of dynamic attributes # time=0.444ms
    
    # Subtest: Generate code for a template with verification of reactive attributes
        ok 1 - Generator should return a render function with the correct code
        ok 2 - Generator should return an effects array with 2 item
        ok 3 - Generator should return an effect function for the reactive eWidth attribute
        ok 4 - Generator should return an effect function for the reactive eHeight attribute
        1..4
    ok 44 - Generate code for a template with verification of reactive attributes # time=0.478ms
    
    # Subtest: Generate code for a template with attribute values verified against a nested state object
        ok 1 - Generator should return a render function with the correct code
        ok 2 - Generator should return an effects array with 2 item
        ok 3 - Generator should return an effect function for the reactive eWidth attribute
        ok 4 - Generator should return an effect function for the reactive eHeight attribute
        1..4
    ok 45 - Generate code for a template with attribute values verified against a nested state object # time=0.522ms
    
    # Subtest: Generate code for a template with verification of attributes with Math calculations
        ok 1 - Generator should return a render function with the correct code
        ok 2 - Generator should return an effects array with 2 item
        ok 3 - Generator should return an effect function for the reactive width attribute
        ok 4 - Generator should return an effect function for the reactive height attribute
        1..4
    ok 46 - Generate code for a template with verification of attributes with Math calculations # time=0.446ms
    
    1..46
ok 14 - src/lib/codegenerator/generator.test.js # time=1268.583ms

# Subtest: src/lib/colors/colors.test.js
    # Subtest: Object
        ok 1 - Colors should be an object
        1..1
    ok 1 - Object # time=2.685ms
    
    # Subtest: 6 character hex
        ok 1 - A 6 character hex code should return the correct color in rgba format
        1..1
    ok 2 - 6 character hex # time=0.985ms
    
    # Subtest: 3 character hex
        ok 1 - A 3 character hex code should return the correct color in rgba format
        1..1
    ok 3 - 3 character hex # time=0.192ms
    
    # Subtest: 8 character hex (rgba)
        ok 1 - A 8 character hex (rgba) code should return the correct color in rgba format
        1..1
    ok 4 - 8 character hex (rgba) # time=0.182ms
    
    # Subtest: Invalid hex values
        ok 1 - Invalid hex values should return white color as the default color
        1..1
    ok 5 - Invalid hex values # time=0.528ms
    
    # Subtest: RGB colors
        ok 1 - RGB codes should return the correct color in rgba format
        1..1
    ok 6 - RGB colors # time=0.206ms
    
    # Subtest: Invalid RGB colors
        ok 1 - Invalid RGB codes should return white color in rgba format
        1..1
    ok 7 - Invalid RGB colors # time=0.159ms
    
    # Subtest: RGBA colors
        ok 1 - RGBA codes should return the correct color in rgba format
        1..1
    ok 8 - RGBA colors # time=0.173ms
    
    # Subtest: Invalid RGBA colors
        ok 1 - Invalid RGBA codes should return white color in rgba format
        1..1
    ok 9 - Invalid RGBA colors # time=0.16ms
    
    # Subtest: HTML colors
        ok 1 - HTML color codes should return the correct color in rgba format
        1..1
    ok 10 - HTML colors # time=0.145ms
    
    # Subtest: Invalid HTML colors
        ok 1 - Invalid HTML color codes should return white color in rgba format
        1..1
    ok 11 - Invalid HTML colors # time=0.151ms
    
    1..11
ok 15 - src/lib/colors/colors.test.js # time=1183.288ms

# Subtest: src/lib/componentId.test.js
    # Subtest: Type createHumandReadableId
        ok 1 - createHumanReadableId should be a function
        1..1
    ok 1 - Type createHumandReadableId # time=1.76ms
    
    # Subtest: Returns a readable id, based on a counter and component name
        ok 1 - createHumanReadableId should return correct ID
        1..1
    ok 2 - Returns a readable id, based on a counter and component name # time=0.21ms
    
    # Subtest: Returns a readable id with incremented count
        ok 1 - createHumanReadableId should return correct ID
        1..1
    ok 3 - Returns a readable id with incremented count # time=0.133ms
    
    # Subtest: Has a seperate count per component name
        ok 1 - createHumanReadableId should return correct ID
        1..1
    ok 4 - Has a seperate count per component name # time=0.168ms
    
    # Subtest: Type createInternalId
        ok 1 - createInternalId should be a function
        1..1
    ok 5 - Type createInternalId # time=0.133ms
    
    # Subtest: Returns an internal id, disregarding the component name
        ok 1 - createInternalId should return correct ID
        1..1
    ok 6 - Returns an internal id, disregarding the component name # time=0.19ms
    
    # Subtest: Returns an id with incremented counter
        ok 1 - createInternalId should return correct ID
        1..1
    ok 7 - Returns an id with incremented counter # time=0.126ms
    
    # Subtest: Uses the same counter for all components
        ok 1 - createInternalId should return correct ID
        1..1
    ok 8 - Uses the same counter for all components # time=0.125ms
    
    1..8
ok 16 - src/lib/componentId.test.js # time=1003.035ms

# Subtest: src/lib/eventListeners.test.js
    # Subtest: registerListener
        ok 1 - Should not throw exception when registering a listener
        ok 2 - Should not throw exception when registering a listener with priority
        ok 3 - Should not throw exception when registering multiple components for the same event
        1..3
    ok 1 - registerListener # time=2.899ms
    
    # Subtest: executeListeners - no listeners
        ok 1 - Should return true when no listeners are registered
        1..1
    ok 2 - executeListeners - no listeners # time=0.307ms
    
    # Subtest: executeListeners - with listeners
        ok 1 - Should return true when all listeners execute successfully
        ok 2 - Should call all registered callbacks
        1..2
    ok 3 - executeListeners - with listeners # time=0.21ms
    
    # Subtest: executeListeners - priority order
        ok 1 - Should execute callbacks in priority order
        1..1
    ok 4 - executeListeners - priority order # time=0.756ms
    
    # Subtest: executeListeners - stop propagation
        ok 1 - Should return false when propagation is stopped
        ok 2 - Should stop calling callbacks after one returns false
        1..2
    ok 5 - executeListeners - stop propagation # time=0.181ms
    
    # Subtest: deregisterListener
        ok 1 - Should return true when no listeners are registered after deregistration
        ok 2 - Should not call deregistered callback
        1..2
    ok 6 - deregisterListener # time=0.183ms
    
    # Subtest: deregisterListener - only deregisters specified component listener
        ok 1 - Should return true when listeners are still registered after deregistering one
        ok 2 - Should not call deregistered callback
        ok 3 - Should call remaining registered callback
        1..3
    ok 7 - deregisterListener - only deregisters specified component listener # time=0.209ms
    
    # Subtest: removeListeners
        ok 1 - Should still return true for event1 as another component is registered
        ok 2 - Should return true for event2 as no listeners remain
        1..2
    ok 8 - removeListeners # time=0.181ms
    
    # Subtest: cache invalidation
        ok 1 - Should invalidate cache when new listener is added
        ok 2 - Should invalidate cache when listeners are removed
        1..2
    ok 9 - cache invalidation # time=0.249ms
    
    # Subtest: deregisterListener when no listeners are registered
        ok 1 - Should still return true for event1 as another component is registered
        1..1
    ok 10 - deregisterListener when no listeners are registered # time=0.123ms
    
    1..10
ok 17 - src/lib/eventListeners.test.js # time=1098.554ms

# Subtest: src/lib/reactivity/effect.test.js
    # Subtest: Trigger - type
        ok 1 - Trigger should be a function
        1..1
    ok 1 - Trigger - type # time=1.753ms
    
    # Subtest: Track type
        ok 1 - Track should be a function
        1..1
    ok 2 - Track type # time=0.181ms
    
    # Subtest: Effect - Basic Effect
        ok 1 - Effect should run once initially and increment count
        1..1
    ok 3 - Effect - Basic Effect # time=0.156ms
    
    1..3
ok 18 - src/lib/reactivity/effect.test.js # time=1059.435ms

# Subtest: src/lib/reactivity/reactive.test.js
    # Subtest: Type
        ok 1 - Reactive should be a function
        1..1
    ok 1 - Type # time=1.628ms
    
    # Subtest: Reactive - Basic Object Reactivity
        ok 1 - Effect should run once initially and increment counter
        ok 2 - Effect should run again after modifying a property and increment counter
        ok 3 - Effect should NOT run again after modifying a property to the same value
        ok 4 - Effect should run again after modifying a property and increment counter
        1..4
    ok 2 - Reactive - Basic Object Reactivity # time=0.591ms
    
    # Subtest: Reactive - Nested Object Reactivity
        ok 1 - Effect should run once initially and increment counter
        ok 2 - Effect should run again after modifying a nested property and increment counter
        ok 3 - Effect should NOT run again after modifying a nested property to the same value
        ok 4 - Effect should run again after modifying a nested property and increment counter
        1..4
    ok 3 - Reactive - Nested Object Reactivity # time=0.279ms
    
    # Subtest: Reactive - Array Reactivity
        ok 1 - Effect should run once initially and increment counter
        ok 2 - Effect should run again after modifying an array and increment counter
        ok 3 - Effect should run again after modifying an array and increment counter
        ok 4 - Effect should run again after modifying an array and increment counter
        ok 5 - Effect should run again after modifying an array item and increment counter
        ok 6 - Effect should NOT run again after modifying an array item to the same value
        ok 7 - Effect should run again after replacing the array and increment counter
        1..7
    ok 4 - Reactive - Array Reactivity # time=2.048ms
    
    # Subtest: Reactive - Effect with specific keys
        ok 1 - Effect should run once initially and increment counter
        ok 2 - Effect should run again after modifying the tracked property and increment counter
        ok 3 - Effect should NOT run again after modifying an untracked property
        ok 4 - Effect should run again after modifying the tracked property and increment counter
        1..4
    ok 5 - Reactive - Effect with specific keys # time=0.3ms
    
    # Subtest: Reactive - Multiple effects Tracking & Triggering for same object
        ok 1 - Both effects should run once initially and increment counter
        ok 2 - Both effects should run again after modifying a property and increment counter
        1..2
    ok 6 - Reactive - Multiple effects Tracking & Triggering for same object # time=0.209ms
    
    # Subtest: Reactive - Assign new object to reactive property
        ok 1 - Effect should run once initially and increment counter
        ok 2 - Effect should run again after assigning a new object to a reactive property and increment counter
        1..2
    ok 7 - Reactive - Assign new object to reactive property # time=0.198ms
    
    # Subtest: Reactive - Get raw object from proxy
        ok 1 - Should return the original object from the proxy using the raw symbol
        ok 2 - Original object should not be equal to proxied object
        1..2
    ok 8 - Reactive - Get raw object from proxy # time=0.6ms
    
    # Subtest: Reactive - Check reactive object is a proxy or not
        ok 1 - Reactive object should be a proxy
        1..1
    ok 9 - Reactive - Check reactive object is a proxy or not # time=0.142ms
    
    # Subtest: Reactive - Non object prototype should not be converted to Proxy
        ok 1 - Reactive should return the original object
        1..1
    ok 10 - Reactive - Non object prototype should not be converted to Proxy # time=0.215ms
    
    # Subtest: Reactive - Effect with multiple specific keys
        ok 1 - Effect should run once initially and increment counter
        ok 2 - Effect should run again after modifying a tracked property and increment counter
        ok 3 - Effect should run again after modifying a tracked property and increment counter
        ok 4 - Effect should NOT run again after modifying an untracked property
        ok 5 - Effect should run again after modifying a tracked property and increment counter
        1..5
    ok 11 - Reactive - Effect with multiple specific keys # time=0.31ms
    
    # Subtest: Reactive- Pause/Resume Tracking
        ok 1 - Effect should run once initially and increment counter
        ok 2 - Effect should run again after modifying a property and increment counter
        ok 3 - Effect should NOT run again after modifying a property while tracking is paused
        ok 4 - Effect should run again after modifying a property and increment counter
        1..4
    ok 12 - Reactive- Pause/Resume Tracking # time=1.077ms
    
    # Subtest: Reactive - Basic object reactivity using defineProperty mode
        ok 1 - Effect should run once initially and increment counter
        ok 2 - Effect should run again after modifying a property and increment counter
        ok 3 - Effect should NOT run again after modifying a property to the same value
        ok 4 - Effect should run again after modifying a property and increment counter
        1..4
    ok 13 - Reactive - Basic object reactivity using defineProperty mode # time=0.42ms
    
    # Subtest: Reactive - Array reactivity using defineProperty mode
        ok 1 - Effect should run once initially and increment counter
        ok 2 - Effect should run again after modifying an array and increment counter to 2
        ok 3 - Effect should run again after modifying an array and increment counter to 3
        ok 4 - Effect should run again after modifying an array and increment counter to 4
        1..4
    ok 14 - Reactive - Array reactivity using defineProperty mode # time=0.305ms
    
    # Subtest: Reactive - Nested object reactivity using defineProperty mode
        ok 1 - Effect should run once initially and increment counter
        ok 2 - Effect should run again after modifying a nested property and increment counter
        ok 3 - Effect should NOT run again after modifying a nested property to the same value
        ok 4 - Effect should run again after modifying a nested property and increment counter
        1..4
    ok 15 - Reactive - Nested object reactivity using defineProperty mode # time=0.266ms
    
    1..15
ok 19 - src/lib/reactivity/reactive.test.js # time=1067.449ms

# Subtest: src/lib/templateparser/parser.test.js
    # Subtest: Type
        not ok 1 - Parser should be a function
          ---
          compare: ===
          at:
            fileName: src/lib/templateparser/parser.test.js
            lineNumber: 29
            columnNumber: 10
            typeName: Test
          stack: |
            Test.<anonymous> (src/lib/templateparser/parser.test.js:29:10)
            src/lib/templateparser/parser.test.js:25:3
          source: |2
              const actual = typeof parser;
          
              assert.equal(actual, expected, "Parser should be a function");
            ---------^
              assert.end();
            });
          diff: |
            --- expected
            +++ actual
            @@ -1,1 +1,1 @@
            -func
            +function
          ...
        
        1..1
    not ok 1 - Type # time=12.396ms
      ---
      at:
        fileName: src/lib/templateparser/parser.test.js
        lineNumber: 25
        columnNumber: 3
        isToplevel: true
      source: |
        initLog();
      
        t.test("Type", (assert) => {
        --^
          const expected = "func";
          const actual = typeof parser;
      ...
    
    # Subtest: Returns an object
        ok 1 - Parser should return an object
        ok 2 - Parser should return an object with a children key
        ok 3 - Children key returned by parser should be an array
        1..3
    ok 2 - Returns an object # time=0.74ms
    
    # Subtest: Parse simple single tag
        ok 1 - Parser should return object representation of template
        1..1
    ok 3 - Parse simple single tag # time=1.385ms
    
    # Subtest: Parse simple tag and simple nested tag
        ok 1 - Parser should return object representation of template
        1..1
    ok 4 - Parse simple tag and simple nested tag # time=0.531ms
    
    # Subtest: Parse simple single tag with static attributes
        ok 1 - Parser should return object representation of template
        1..1
    ok 5 - Parse simple single tag with static attributes # time=0.4ms
    
    # Subtest: Parse tag with attributes and nested tag with attributes
        ok 1 - Parser should return object representation of template
        1..1
    ok 6 - Parse tag with attributes and nested tag with attributes # time=0.279ms
    
    # Subtest: Parse tag with attributes and 2 nested tags with attributes
        ok 1 - Parser should return object representation of template
        1..1
    ok 7 - Parse tag with attributes and 2 nested tags with attributes # time=0.351ms
    
    # Subtest: Parse tag with attributes and deep nested tag with attributes
        ok 1 - Parser should return object representation of template
        1..1
    ok 8 - Parse tag with attributes and deep nested tag with attributes # time=0.351ms
    
    # Subtest: Parse simple single tag with dynamic attributes
        ok 1 - Parser should return object representation of template
        1..1
    ok 9 - Parse simple single tag with dynamic attributes # time=0.196ms
    
    # Subtest: Parse tag with attributes and reactive attributes
        ok 1 - Parser should return object representation of template
        1..1
    ok 10 - Parse tag with attributes and reactive attributes # time=0.22ms
    
    # Subtest: Parse simple single tag where one of the attributes has a dash in it's name
        ok 1 - Parser should return object representation of template
        1..1
    ok 11 - Parse simple single tag where one of the attributes has a dash in it's name # time=0.203ms
    
    # Subtest: Parse nested self closing tag
        ok 1 - Parser should return object representation of template
        1..1
    ok 12 - Parse nested self closing tag # time=0.217ms
    
    # Subtest: Parse multiple nested self closing tags
        ok 1 - Parser should return object representation of template
        1..1
    ok 13 - Parse multiple nested self closing tags # time=2.735ms
    
    # Subtest: Parse attributes which values have spaces in it
        ok 1 - Parser should return object representation of template
        1..1
    ok 14 - Parse attributes which values have spaces in it # time=0.283ms
    
    # Subtest: Parse attributes with an expression in it
        ok 1 - Parser should return object representation of template
        1..1
    ok 15 - Parse attributes with an expression in it # time=0.252ms
    
    # Subtest: Parse template with commented tag (and skip it)
        ok 1 - Parser should return object representation of template
        1..1
    ok 16 - Parse template with commented tag (and skip it) # time=0.307ms
    
    # Subtest: Parse template with comment spanned across multiple tags (and skip it)
        ok 1 - Parser should return object representation of template
        1..1
    ok 17 - Parse template with comment spanned across multiple tags (and skip it) # time=0.25ms
    
    # Subtest: Parse template with enclosing comment (and skip it)
        ok 1 - Parser should return object representation of template
        1..1
    ok 18 - Parse template with enclosing comment (and skip it) # time=0.281ms
    
    # Subtest: Parse template with for loop
        ok 1 - Parser should return object representation of template
        1..1
    ok 19 - Parse template with for loop # time=0.229ms
    
    # Subtest: Parse template with a conditional (if-statement)
        ok 1 - Parser should return object representation of template
        1..1
    ok 20 - Parse template with a conditional (if-statement) # time=0.368ms
    
    # Subtest: Parse template with a visibility toggle (show-statement)
        ok 1 - Parser should return object representation of template
        1..1
    ok 21 - Parse template with a visibility toggle (show-statement) # time=0.3ms
    
    # Subtest: Parse template with a nameless tag
        ok 1 - Parser should return object representation of template
        1..1
    ok 22 - Parse template with a nameless tag # time=0.278ms
    
    # Subtest: Parse template with a transition argument (single value)
        ok 1 - Parser should return object representation of template
        1..1
    ok 23 - Parse template with a transition argument (single value) # time=0.203ms
    
    # Subtest: Parse template with a transition argument (object)
        ok 1 - Parser should return object representation of template
        1..1
    ok 24 - Parse template with a transition argument (object) # time=0.282ms
    
    # Subtest: Parse template with a different modifier
        ok 1 - Parser should return object representation of template
        1..1
    ok 25 - Parse template with a different modifier # time=0.192ms
    
    # Subtest: Parse template with a full transition object (without the transition modifier)
        ok 1 - Parser should return object representation of template
        1..1
    ok 26 - Parse template with a full transition object (without the transition modifier) # time=0.188ms
    
    # Subtest: Parse template with attributes with values spread over multiple lines
        ok 1 - Parser should return object representation of template
        1..1
    ok 27 - Parse template with attributes with values spread over multiple lines # time=1.033ms
    
    # Subtest: Parse template with inline text between tags
        ok 1 - Parser should return object representation of template
        1..1
    ok 28 - Parse template with inline text between tags # time=0.26ms
    
    # Subtest: Parse template with multiple inline texts between different tags
        ok 1 - Parser should return object representation of template
        1..1
    ok 29 - Parse template with multiple inline texts between different tags # time=0.379ms
    
    # Subtest: Parse template with attribute name starts with @ character
        ok 1 - Parser should return object representation of template
        1..1
    ok 30 - Parse template with attribute name starts with @ character # time=0.243ms
    
    # Subtest: Parse template with attribute values with delimited either single or double quotes
        ok 1 - Parser should return object representation of template
        1..1
    ok 31 - Parse template with attribute values with delimited either single or double quotes # time=0.331ms
    
    # Subtest: Parse template with multiple top level elements and parsing should fail
        ok 1 - Parser should throw TemplateStructureError
        ok 2 - Parser should throw TemplateStructureError:MultipleTopLevelTags
        1..2
    ok 32 - Parse template with multiple top level elements and parsing should fail # time=0.324ms
    
    # Subtest: Parse template with unclosed tag and parsing should fail
        ok 1 - Parser should throw TemplateStructureError
        ok 2 - Parser should throw TemplateStructureError:MismatchedClosingTag
        1..2
    ok 33 - Parse template with unclosed tag and parsing should fail # time=0.192ms
    
    # Subtest: Parse template with multiple unclosed tags and parsing should fail
        ok 1 - Parser should throw TemplateStructureError
        ok 2 - Parser should throw TemplateStructureError:MismatchedClosingTag
        1..2
    ok 34 - Parse template with multiple unclosed tags and parsing should fail # time=0.222ms
    
    # Subtest: Parse template with an unclosed tag and parsing should fail
        ok 1 - Parser should throw TemplateStructureError
        ok 2 - Parser should throw TemplateStructureError:UnclosedTags
        1..2
    ok 35 - Parse template with an unclosed tag and parsing should fail # time=0.189ms
    
    # Subtest: Parse template with an invalid closing tag and parsing should fail
        ok 1 - Parser should throw TemplateParseError
        ok 2 - Parser should throw TemplateParseError:InvalidClosingTag
        1..2
    ok 36 - Parse template with an invalid closing tag and parsing should fail # time=0.214ms
    
    # Subtest: Parse template with multiple self-closing tags at the top level and parsing should fail
        ok 1 - Parser should throw TemplateStructureError
        ok 2 - Parser should throw TemplateStructureError:MultipleTopLevelTags
        1..2
    ok 37 - Parse template with multiple self-closing tags at the top level and parsing should fail # time=0.251ms
    
    # Subtest: Parse template with a closing tag at the beginning and parsing should fail
        ok 1 - Parser should throw TemplateStructureError
        ok 2 - Parser should throw TemplateStructureError:MismatchedClosingTag
        1..2
    ok 38 - Parse template with a closing tag at the beginning and parsing should fail # time=0.217ms
    
    # Subtest: Parse template with a closing tag that has attributes and parsing should fail
        ok 1 - Parser should throw TemplateParseError
        ok 2 - Parser should throw TemplateParseError:AttributesInClosingTag
        1..2
    ok 39 - Parse template with a closing tag that has attributes and parsing should fail # time=0.184ms
    
    # Subtest: Parse template with an invalid tag and parsing should fail
        ok 1 - Parser should throw TemplateParseError
        ok 2 - Parser should throw TemplateParseError:InvalidTag
        1..2
    ok 40 - Parse template with an invalid tag and parsing should fail # time=0.158ms
    
    # Subtest: Parse template with an invalid attribute value and parsing should fail
        ok 1 - Parser should throw TemplateParseError
        ok 2 - Parser should throw TemplateParseError:MissingOrInvalidAttributeValue
        1..2
    ok 41 - Parse template with an invalid attribute value and parsing should fail # time=0.164ms
    
    # Subtest: Parse template with an invalid attribute name and parsing should fail
        ok 1 - Parser should throw TemplateParseError
        ok 2 - Parser should throw TemplateParseError:InvalidAttribute
        1..2
    ok 42 - Parse template with an invalid attribute name and parsing should fail # time=0.164ms
    
    # Subtest: Parse template with an invalid attribute name by providing parent component and parsing should fail
        ok 1 - Parser should throw TemplateParseError
        ok 2 - Parser should throw TemplateParseError:InvalidAttribute
        ok 3 - Error message should contain the component hierarchy
        1..3
    ok 43 - Parse template with an invalid attribute name by providing parent component and parsing should fail # time=0.214ms
    
    # Subtest: Parse template with an invalid attribute name by providing parent component without component name and parsing should fail
        ok 1 - Parser should throw TemplateParseError
        ok 2 - Parser should throw TemplateParseError:InvalidAttribute
        ok 3 - Error message should contain the component hierarchy without the component name
        1..3
    ok 44 - Parse template with an invalid attribute name by providing parent component without component name and parsing should fail # time=0.206ms
    
    # Subtest: Parse template with an invalid attribute name by providing component file path and parsing should fail
        ok 1 - Parser should throw TemplateParseError
        ok 2 - Parser should throw TemplateParseError:InvalidAttribute
        ok 3 - Error message should contain the component file path
        1..3
    ok 45 - Parse template with an invalid attribute name by providing component file path and parsing should fail # time=0.196ms
    
    # Subtest: Parse template with color and effects attributes and parsing should convert color values
        ok 1 - Parser should return object representation of template with color values converted
        ok 2 - should be equal
        ok 3 - Should log warning message about hsla
        1..3
    ok 46 - Parse template with color and effects attributes and parsing should convert color values # time=1.946ms
    
    # Subtest: Parse template with :for attribute on root element and parsing should fail
        ok 1 - Parser should throw TemplateStructureError
        ok 2 - Parser should throw TemplateStructureError:ForAttributeOnRootElement
        1..2
    ok 47 - Parse template with :for attribute on root element and parsing should fail # time=0.202ms
    
    1..47
not ok 20 - src/lib/templateparser/parser.test.js # time=1268.577ms
  ---
  stdio: inherit
  cwd: /Users/milesnash/Sites/forks/blits
  externalID: src/lib/templateparser/parser.test.js
  command: /Users/milesnash/.nvm/versions/node/v22.17.1/bin/node
  args:
    - --import=file:///Users/milesnash/Sites/forks/blits/node_modules/@tapjs/typescript/dist/esm/import.mjs
    - --import=file:///Users/milesnash/Sites/forks/blits/node_modules/@tapjs/mock/dist/esm/import.mjs
    - --enable-source-maps
    - --import=file:///Users/milesnash/Sites/forks/blits/node_modules/@tapjs/processinfo/dist/esm/import.mjs
    - --import=global-jsdom/register
    - /Users/milesnash/Sites/forks/blits/src/lib/templateparser/parser.test.js
  jobId: 2
  exitCode: 1
  signal: null
  ...

# Subtest: src/plugin.test.js
    # Subtest: Function plugin registration
        ok 1 - Function plugin registered correctly with default options
        ok 2 - Function plugin registered with custom options
        1..2
    ok 1 - Function plugin registration # time=2.081ms
    
    # Subtest: Function plugin errors
        ok 1 - Function plugin without name throws error
        ok 2 - Function plugin with options as name throws error
        1..2
    ok 2 - Function plugin errors # time=0.522ms
    
    # Subtest: Object plugin registration
        ok 1 - Object plugins registered correctly with name resolution, options, and default log plugin exists
        1..1
    ok 3 - Object plugin registration # time=0.157ms
    
    1..3
ok 21 - src/plugin.test.js # time=1186.798ms

# Subtest: src/plugins/storage/localCookie.test.js
    # Subtest: Local Storage - Functions
        ok 1 - Local Storage should be an object
        ok 2 - Should have a setItem function
        ok 3 - Should have a removeItem function
        ok 4 - Should have a clear function
        ok 5 - Should have a keys function
        1..5
    ok 1 - Local Storage - Functions # time=1.755ms
    
    # Subtest: Local Storage - setItem key/value "a" with value "b"
        ok 1 - Local Storage setItem function return should be undefined
        ok 2 - Should return the same value "b" for key "a"
        1..2
    ok 2 - Local Storage - setItem key/value "a" with value "b" # time=0.311ms
    
    # Subtest: Local Storage - Remove item "a"
        ok 1 - Local storage removeItem function should return undefined
        ok 2 - Should return a null value for key "a"
        1..2
    ok 3 - Local Storage - Remove item "a" # time=0.19ms
    
    # Subtest: Local Storage - Should store a number as a string
        ok 1 - Should store a number as a string
        1..1
    ok 4 - Local Storage - Should store a number as a string # time=0.136ms
    
    # Subtest: Local Storage - Clear items 
        ok 1 - Local storage clear function should return undefined
        ok 2 - Should not have a value for key "a"
        ok 3 - Should not have a value for key "b"
        1..3
    ok 5 - Local Storage - Clear items # time=0.263ms
    
    # Subtest: Local Storage - keys
        ok 1 - Keys length should be equal to 2
        ok 2 - First key should be "a"
        ok 3 - Second key should be "b"
        1..3
    ok 6 - Local Storage - keys # time=0.263ms
    
    # Subtest: Cookies - Functions
        ok 1 - Cookies should be an object
        ok 2 - Cookies should have a setItem function
        ok 3 - Cookies should have a removeItem function
        ok 4 - Cookies should have a clear function
        ok 5 - Should have a keys function
        1..5
    ok 7 - Cookies - Functions # time=0.257ms
    
    # Subtest: Cookies - setItem key/value "a" with value "b"
        ok 1 - Cookies setItem function return should be undefined
        ok 2 - Should return the same value "b" for key "a"
        1..2
    ok 8 - Cookies - setItem key/value "a" with value "b" # time=5.488ms
    
    # Subtest: Cookies - Remove item "a"
        ok 1 - Cookies removeItem function should return undefined
        ok 2 - Should return a null value for key "a"
        1..2
    ok 9 - Cookies - Remove item "a" # time=0.384ms
    
    # Subtest: Cookies- Should store a number as a string
        ok 1 - Should store a number as a string
        1..1
    ok 10 - Cookies- Should store a number as a string # time=0.388ms
    
    # Subtest: Cookies - Clear items 
        ok 1 - Cookies clear function should return undefined
        ok 2 - Should not have a value for key "a"
        ok 3 - Should not have a value for key "b"
        1..3
    ok 11 - Cookies - Clear items # time=0.526ms
    
    # Subtest: Cookies - Keys
        ok 1 - Keys length should be equal to 2
        ok 2 - First key should be "a"
        ok 3 - Second key should be "b"
        1..3
    ok 12 - Cookies - Keys # time=0.338ms
    
    1..12
ok 22 - src/plugins/storage/localCookie.test.js # time=1143.142ms

# Subtest: src/plugins/storage/storage.test.js
    # Subtest: Storage - get non existent key
        ok 1 - Get method should return null for non-existent key
        1..1
    ok 1 - Storage - get non existent key # time=1.672ms
    
    # Subtest: Storage - set key value pair
        ok 1 - Set should return true for valid key-value pair
        1..1
    ok 2 - Storage - set key value pair # time=0.224ms
    
    # Subtest: Storage - set with value that throws error
        ok 1 - Set should return false for value that throws error
        1..1
    ok 3 - Storage - set with value that throws error # time=0.162ms
    
    # Subtest: Storage - get existing key
        ok 1 - Get should return the correct value for existing key
        1..1
    ok 4 - Storage - get existing key # time=0.496ms
    
    # Subtest: Storage - remove key
        ok 1 - Remove should delete the key-value pair
        1..1
    ok 5 - Storage - remove key # time=0.162ms
    
    # Subtest: Storage - clear
        ok 1 - Clear should delete the first key-value pair
        ok 2 - Clear should delete the second key-value pair
        1..2
    ok 6 - Storage - clear # time=0.225ms
    
    # Subtest: Storage - set with value that cannot be stringified
        ok 1 - Set should return false for value that cannot be stringified
        1..1
    ok 7 - Storage - set with value that cannot be stringified # time=0.14ms
    
    1..7
ok 23 - src/plugins/storage/storage.test.js # time=1149.559ms

# Subtest: src/plugins/theme.test.js
    # Subtest: Empty Theme creation
        ok 1 - someColor should be undefined
        1..1
    ok 1 - Empty Theme creation # time=1.983ms
    
    # Subtest: Basic theme creation & usage
        ok 1 - someColor should be pink
        ok 2 - someSizes.tile should be 200
        1..2
    ok 2 - Basic theme creation & usage # time=0.262ms
    
    # Subtest: Advanced theme creation & usage
        ok 1 - someColor should be orange
        ok 2 - someSizes.tile should be 200
        ok 3 - someColor should be pink
        ok 4 - someSizes.tile should be 50
        1..4
    ok 3 - Advanced theme creation & usage # time=0.38ms
    
    1..3
ok 24 - src/plugins/theme.test.js # time=1150.677ms

# Subtest: src/router/router.test.js
    # Subtest: Type of matchHash
        ok 1 - matchhash should be a function
        1..1
    ok 1 - Type of matchHash # time=1.598ms
    
    # Subtest: Match paths with static routes that have an exact match
        ok 1 - Should return the correct route object
        ok 2 - Should return the correct route object
        ok 3 - Should return the correct route object
        ok 4 - Should return the correct route object
        ok 5 - Should return the correct route object
        1..5
    ok 2 - Match paths with static routes that have an exact match # time=0.589ms
    
    # Subtest: Match paths with dynamic route parts
        ok 1 - Should return the correct route object
        ok 2 - Should return the correct route object
        ok 3 - Should return the correct route object
        ok 4 - Should return the correct route object
        ok 5 - Should return the correct route object
        ok 6 - Should return the correct route object
        1..6
    ok 3 - Match paths with dynamic route parts # time=0.564ms
    
    # Subtest: Match paths with a wildcard asterix
        ok 1 - Should return the correct route object
        ok 2 - Should return the correct route object
        ok 3 - Should return the correct route object
        ok 4 - Should return the correct route object
        ok 5 - Should return the correct route object
        ok 6 - Should return the correct route object
        1..6
    ok 4 - Match paths with a wildcard asterix # time=0.388ms
    
    # Subtest: Add params to route for dynamic route matches
        ok 1 - Should return the correct params object
        ok 2 - Should return the correct route object
        ok 3 - Should return the correct route object
        1..3
    ok 5 - Add params to route for dynamic route matches # time=1.002ms
    
    # Subtest: Add remaining path as param for wild card routes
        ok 1 - Should return the correct route object
        ok 2 - Should return the correct params object
        ok 3 - Should return the correct params object
        ok 4 - Should return the correct params object
        1..4
    ok 6 - Add remaining path as param for wild card routes # time=0.367ms
    
    # Subtest: Work with trailing slashes
        ok 1 - Should return the correct route object
        ok 2 - Should return the correct route object
        ok 3 - Should return the correct route object
        ok 4 - Should return the correct route object
        ok 5 - Should return the correct route object
        1..5
    ok 7 - Work with trailing slashes # time=0.292ms
    
    # Subtest: Work with and without leading slashes
        ok 1 - Should return the correct route object
        ok 2 - Should return the correct route object
        ok 3 - Should return the correct route object
        ok 4 - Should return the correct route object
        ok 5 - Should return the correct route object
        1..5
    ok 8 - Work with and without leading slashes # time=0.296ms
    
    # Subtest: Match routes case insensitive
        ok 1 - Should return the correct route object
        ok 2 - Should return the correct route object
        ok 3 - Should return the correct route object
        ok 4 - Should return the correct route object
        ok 5 - Should return the correct route object
        1..5
    ok 9 - Match routes case insensitive # time=0.291ms
    
    # Subtest: Match routes case insensitive, but pass props with original casing
        ok 1 - Should return the correct params object
        ok 2 - Should return the correct params object
        ok 3 - Should return the correct params object
        1..3
    ok 10 - Match routes case insensitive, but pass props with original casing # time=0.291ms
    
    # Subtest: Match paths with dynamic route parts along with query string params
        ok 1 - Should return correct hash
        ok 2 - Should return the correct route path
        ok 3 - Should return the correct route object
        ok 4 - Should contain the correct query parameter key with value
        ok 5 - Should contain the correct query parameter key with value
        1..5
    ok 11 - Match paths with dynamic route parts along with query string params # time=0.395ms
    
    # Subtest: Get the hash from the URL
        ok 1 - The result object should contain a hash key with the correct location hash
        ok 2 - The result object should contain a path key with the hash (stripped the \# symbol)
        1..2
    ok 12 - Get the hash from the URL # time=0.179ms
    
    # Subtest: Get the hash from the URL and handle query params
        ok 1 - The result object should contain a hash key with the correct location hash without the query params
        ok 2 - The result object should contain a path key with the hash (stripped the \# symbol)
        ok 3 - The result object should contain a queryParams key with an URLSearchParams object
        ok 4 - The result object should contain a queryParams key with the correct route query param values
        ok 5 - The result object should contain a queryParams key with the correct route query param values
        1..5
    ok 13 - Get the hash from the URL and handle query params # time=0.274ms
    
    # Subtest: Get route object from Match hash when navigating using to() method
        ok 1 - The result object should contain a path key with path hash
        ok 2 - The results object should contain a params key with zero props
        ok 3 - The results object should contain a data key with zero props
        ok 4 - The results object should contain the default options object
        ok 5 - The results object should contain the default options object
        1..5
    ok 14 - Get route object from Match hash when navigating using to() method # time=2.588ms
    
    # Subtest: Get route object from Match hash when navigating using to() method with options
        ok 1 - The result object should contain a path key with path hash
        ok 2 - The results object should contain a options key with keep alive as True
        1..2
    ok 15 - Get route object from Match hash when navigating using to() method with options # time=0.23ms
    
    # Subtest: Get Hash from URL when navigating using to() method
        ok 1 - The result object key property should contain correct location hash
        ok 2 - The result object should contain a path key with hash without \#
        1..2
    ok 16 - Get Hash from URL when navigating using to() method # time=0.163ms
    
    # Subtest: Router updates state.path, state.params, and state.data correctly
        ok 1 - state.path matches route definition
        ok 2 - state.params extracted correctly
        ok 3 - state.data merged correctly (route + navigation + query)
        1..3
    ok 17 - Router updates state.path, state.params, and state.data correctly # time=2.606ms
    
    # Subtest: Before hook route object redirect
        ok 1 - Should redirect to new path
        1..1
    ok 18 - Before hook route object redirect # time=0.346ms
    
    # Subtest: BeforeEach hook route object redirect
        ok 1 - Should redirect via beforeEach hook
        1..1
    ok 19 - BeforeEach hook route object redirect # time=0.267ms
    
    # Subtest: Route meta data is accessible in route object
        ok 1 - Should have access to route meta data
        1..1
    ok 20 - Route meta data is accessible in route object # time=0.158ms
    
    1..20
ok 25 - src/router/router.test.js # time=1091.752ms

# Subtest: src/settings.test.js
    # Subtest: Settings - Set a new key 
        ok 1 - set and get a new key should work correctly
        1..1
    ok 1 - Settings - Set a new key # time=1.592ms
    
    # Subtest: Settings - Set an existing key 
        ok 1 - set and get an existing key should work correctly
        1..1
    ok 2 - Settings - Set an existing key # time=0.182ms
    
    # Subtest: Settings - Set multiple keys 
        ok 1 - get should return the correct value for key b
        ok 2 - get should return the correct value for key c
        1..2
    ok 3 - Settings - Set multiple keys # time=0.187ms
    
    # Subtest: Settings - Get a non-existing key 
        ok 1 - get a non-existing key returns null by default
        ok 2 - get a non-existing key returns the provided default value
        1..2
    ok 4 - Settings - Get a non-existing key # time=0.165ms
    
    1..4
ok 26 - src/settings.test.js # time=861.91ms

# { total: 991, pass: 989, fail: 1, skip: 1 }
# time=8907.764ms
